interactions:
- request:
    body: status=Testing+grouped+notifications%21&visibility=public
    headers:
      Accept:
      - '*/*'
      Accept-Encoding:
      - gzip, deflate
      Authorization:
      - Bearer __MASTODON_PY_TEST_ACCESS_TOKEN
      Connection:
      - keep-alive
      Content-Length:
      - '57'
      Content-Type:
      - application/x-www-form-urlencoded
      User-Agent:
      - tests/v311
    method: POST
    uri: http://localhost:3000/api/v1/statuses
  response:
    body:
      string: '{"id":"114009357138722264","created_at":"2025-02-15T18:38:51.731Z","in_reply_to_id":null,"in_reply_to_account_id":null,"sensitive":false,"spoiler_text":"","visibility":"public","language":"ja","uri":"http://localhost:3000/users/mastodonpy_test/statuses/114009357138722264","url":"http://localhost:3000/@mastodonpy_test/114009357138722264","replies_count":0,"reblogs_count":0,"favourites_count":0,"edited_at":null,"favourited":false,"reblogged":false,"muted":false,"bookmarked":false,"pinned":false,"content":"\u003cp\u003eTesting
        grouped notifications!\u003c/p\u003e","filtered":[],"reblog":null,"application":{"name":"Mastodon.py
        test suite","website":null},"account":{"id":"114009019326978043","username":"mastodonpy_test","acct":"mastodonpy_test","display_name":"","locked":true,"bot":false,"discoverable":null,"indexable":false,"group":false,"created_at":"2025-02-15T00:00:00.000Z","note":"","url":"http://localhost:3000/@mastodonpy_test","uri":"http://localhost:3000/users/mastodonpy_test","avatar":"http://localhost:3000/avatars/original/missing.png","avatar_static":"http://localhost:3000/avatars/original/missing.png","header":"http://localhost:3000/headers/original/missing.png","header_static":"http://localhost:3000/headers/original/missing.png","followers_count":0,"following_count":0,"statuses_count":1,"last_status_at":"2025-02-15","hide_collections":null,"noindex":false,"emojis":[],"roles":[],"fields":[]},"media_attachments":[],"mentions":[],"tags":[],"emojis":[],"card":null,"poll":null}'
    headers:
      Cache-Control:
      - private, no-store
      Content-Length:
      - '1505'
      Content-Security-Policy:
      - default-src 'none'; frame-ancestors 'none'; form-action 'none'
      Content-Type:
      - application/json; charset=utf-8
      ETag:
      - W/"06fb25c4bf01795b2054bd152aeb8ef4"
      Referrer-Policy:
      - strict-origin-when-cross-origin
      Server-Timing:
      - cache_read.active_support;dur=0.05, sql.active_record;dur=11.42, cache_generate.active_support;dur=3.55,
        cache_write.active_support;dur=0.15, instantiation.active_record;dur=0.54,
        start_processing.action_controller;dur=0.00, transaction.active_record;dur=4.50,
        render.active_model_serializers;dur=15.64, process_action.action_controller;dur=63.46
      X-Content-Type-Options:
      - nosniff
      X-Frame-Options:
      - SAMEORIGIN
      X-Permitted-Cross-Domain-Policies:
      - none
      X-RateLimit-Limit:
      - '300'
      X-RateLimit-Remaining:
      - '298'
      X-RateLimit-Reset:
      - '2025-02-15T21:00:00.763790Z'
      X-Request-Id:
      - d4d9d0c4-0e3e-44ad-a7f8-c2b1dfa7efa3
      X-Runtime:
      - '0.093185'
      X-XSS-Protection:
      - '0'
      vary:
      - Authorization, Origin
    status:
      code: 200
      message: OK
- request:
    body: null
    headers:
      Accept:
      - '*/*'
      Accept-Encoding:
      - gzip, deflate
      Authorization:
      - Bearer __MASTODON_PY_TEST_ACCESS_TOKEN_2
      Connection:
      - keep-alive
      Content-Length:
      - '0'
      User-Agent:
      - tests/v311
    method: POST
    uri: http://localhost:3000/api/v1/statuses/114009357138722264/favourite
  response:
    body:
      string: '{"id":"114009357138722264","created_at":"2025-02-15T18:38:51.731Z","in_reply_to_id":null,"in_reply_to_account_id":null,"sensitive":false,"spoiler_text":"","visibility":"public","language":"ja","uri":"http://localhost:3000/users/mastodonpy_test/statuses/114009357138722264","url":"http://localhost:3000/@mastodonpy_test/114009357138722264","replies_count":0,"reblogs_count":0,"favourites_count":1,"edited_at":null,"favourited":true,"reblogged":false,"muted":false,"bookmarked":false,"content":"\u003cp\u003eTesting
        grouped notifications!\u003c/p\u003e","filtered":[],"reblog":null,"application":{"name":"Mastodon.py
        test suite","website":null},"account":{"id":"114009019326978043","username":"mastodonpy_test","acct":"mastodonpy_test","display_name":"","locked":true,"bot":false,"discoverable":null,"indexable":false,"group":false,"created_at":"2025-02-15T00:00:00.000Z","note":"","url":"http://localhost:3000/@mastodonpy_test","uri":"http://localhost:3000/users/mastodonpy_test","avatar":"http://localhost:3000/avatars/original/missing.png","avatar_static":"http://localhost:3000/avatars/original/missing.png","header":"http://localhost:3000/headers/original/missing.png","header_static":"http://localhost:3000/headers/original/missing.png","followers_count":0,"following_count":0,"statuses_count":1,"last_status_at":"2025-02-15","hide_collections":null,"noindex":false,"emojis":[],"roles":[],"fields":[]},"media_attachments":[],"mentions":[],"tags":[],"emojis":[],"card":null,"poll":null}'
    headers:
      Cache-Control:
      - private, no-store
      Content-Length:
      - '1489'
      Content-Security-Policy:
      - default-src 'none'; frame-ancestors 'none'; form-action 'none'
      Content-Type:
      - application/json; charset=utf-8
      ETag:
      - W/"3ac631610fb82fcfb82750e1f7adccf9"
      Referrer-Policy:
      - strict-origin-when-cross-origin
      Server-Timing:
      - cache_read.active_support;dur=0.06, sql.active_record;dur=7.67, cache_generate.active_support;dur=3.17,
        cache_write.active_support;dur=0.13, instantiation.active_record;dur=0.67,
        start_processing.action_controller;dur=0.00, transaction.active_record;dur=6.21,
        render.active_model_serializers;dur=16.68, process_action.action_controller;dur=47.95
      X-Content-Type-Options:
      - nosniff
      X-Frame-Options:
      - SAMEORIGIN
      X-Permitted-Cross-Domain-Policies:
      - none
      X-RateLimit-Limit:
      - '300'
      X-RateLimit-Remaining:
      - '299'
      X-RateLimit-Reset:
      - '2025-02-15T18:40:00.828950Z'
      X-Request-Id:
      - 6ec29c54-8c91-4b9f-9c88-275a236b5775
      X-Runtime:
      - '0.063835'
      X-XSS-Protection:
      - '0'
      vary:
      - Authorization, Origin
    status:
      code: 200
      message: OK
- request:
    body: null
    headers:
      Accept:
      - '*/*'
      Accept-Encoding:
      - gzip, deflate
      Authorization:
      - Bearer __MASTODON_PY_TEST_ACCESS_TOKEN_3
      Connection:
      - keep-alive
      Content-Length:
      - '0'
      User-Agent:
      - tests/v311
    method: POST
    uri: http://localhost:3000/api/v1/statuses/114009357138722264/favourite
  response:
    body:
      string: '{"id":"114009357138722264","created_at":"2025-02-15T18:38:51.731Z","in_reply_to_id":null,"in_reply_to_account_id":null,"sensitive":false,"spoiler_text":"","visibility":"public","language":"ja","uri":"http://localhost:3000/users/mastodonpy_test/statuses/114009357138722264","url":"http://localhost:3000/@mastodonpy_test/114009357138722264","replies_count":0,"reblogs_count":0,"favourites_count":2,"edited_at":null,"favourited":true,"reblogged":false,"muted":false,"bookmarked":false,"content":"\u003cp\u003eTesting
        grouped notifications!\u003c/p\u003e","filtered":[],"reblog":null,"application":{"name":"Mastodon.py
        test suite","website":null},"account":{"id":"114009019326978043","username":"mastodonpy_test","acct":"mastodonpy_test","display_name":"","locked":true,"bot":false,"discoverable":null,"indexable":false,"group":false,"created_at":"2025-02-15T00:00:00.000Z","note":"","url":"http://localhost:3000/@mastodonpy_test","uri":"http://localhost:3000/users/mastodonpy_test","avatar":"http://localhost:3000/avatars/original/missing.png","avatar_static":"http://localhost:3000/avatars/original/missing.png","header":"http://localhost:3000/headers/original/missing.png","header_static":"http://localhost:3000/headers/original/missing.png","followers_count":0,"following_count":0,"statuses_count":1,"last_status_at":"2025-02-15","hide_collections":null,"noindex":false,"emojis":[],"roles":[],"fields":[]},"media_attachments":[],"mentions":[],"tags":[],"emojis":[],"card":null,"poll":null}'
    headers:
      Cache-Control:
      - private, no-store
      Content-Length:
      - '1489'
      Content-Security-Policy:
      - default-src 'none'; frame-ancestors 'none'; form-action 'none'
      Content-Type:
      - application/json; charset=utf-8
      ETag:
      - W/"bfcc74cd78fb7eb5b1351bb0f8e1a5fb"
      Referrer-Policy:
      - strict-origin-when-cross-origin
      Server-Timing:
      - cache_read.active_support;dur=0.05, sql.active_record;dur=7.32, cache_generate.active_support;dur=3.52,
        cache_write.active_support;dur=0.14, instantiation.active_record;dur=0.68,
        start_processing.action_controller;dur=0.00, transaction.active_record;dur=5.76,
        render.active_model_serializers;dur=14.78, process_action.action_controller;dur=48.71
      X-Content-Type-Options:
      - nosniff
      X-Frame-Options:
      - SAMEORIGIN
      X-Permitted-Cross-Domain-Policies:
      - none
      X-RateLimit-Limit:
      - '300'
      X-RateLimit-Remaining:
      - '299'
      X-RateLimit-Reset:
      - '2025-02-15T18:40:00.926662Z'
      X-Request-Id:
      - f0f16848-82d0-457c-876c-9aa3e56deed7
      X-Runtime:
      - '0.063387'
      X-XSS-Protection:
      - '0'
      vary:
      - Authorization, Origin
    status:
      code: 200
      message: OK
- request:
    body: null
    headers:
      Accept:
      - '*/*'
      Accept-Encoding:
      - gzip, deflate
      Authorization:
      - Bearer __MASTODON_PY_TEST_ACCESS_TOKEN
      Connection:
      - keep-alive
      User-Agent:
      - tests/v311
    method: GET
    uri: http://localhost:3000/api/v2/notifications?limit=10&expand_accounts=partial_avatars
  response:
    body:
      string: '{"accounts":[{"id":"114009019470060047","username":"mastodonpy_test_2","acct":"mastodonpy_test_2","display_name":"","locked":false,"bot":false,"discoverable":true,"indexable":true,"group":false,"created_at":"2025-02-15T00:00:00.000Z","note":"","url":"http://localhost:3000/@mastodonpy_test_2","uri":"http://localhost:3000/users/mastodonpy_test_2","avatar":"http://localhost:3000/avatars/original/missing.png","avatar_static":"http://localhost:3000/avatars/original/missing.png","header":"http://localhost:3000/headers/original/missing.png","header_static":"http://localhost:3000/headers/original/missing.png","followers_count":0,"following_count":0,"statuses_count":0,"last_status_at":"2025-02-15","hide_collections":null,"noindex":false,"emojis":[],"roles":[],"fields":[]}],"partial_accounts":[{"id":"114009019031846737","acct":"admin","locked":false,"bot":false,"url":"http://localhost:3000/@admin","avatar":"http://localhost:3000/avatars/original/missing.png","avatar_static":"http://localhost:3000/avatars/original/missing.png"}],"statuses":[{"id":"114009357138722264","created_at":"2025-02-15T18:38:51.731Z","in_reply_to_id":null,"in_reply_to_account_id":null,"sensitive":false,"spoiler_text":"","visibility":"public","language":"ja","uri":"http://localhost:3000/users/mastodonpy_test/statuses/114009357138722264","url":"http://localhost:3000/@mastodonpy_test/114009357138722264","replies_count":0,"reblogs_count":0,"favourites_count":2,"edited_at":null,"favourited":false,"reblogged":false,"muted":false,"bookmarked":false,"pinned":false,"content":"\u003cp\u003eTesting
        grouped notifications!\u003c/p\u003e","filtered":[],"reblog":null,"application":{"name":"Mastodon.py
        test suite","website":null},"account":{"id":"114009019326978043","username":"mastodonpy_test","acct":"mastodonpy_test","display_name":"","locked":true,"bot":false,"discoverable":null,"indexable":false,"group":false,"created_at":"2025-02-15T00:00:00.000Z","note":"","url":"http://localhost:3000/@mastodonpy_test","uri":"http://localhost:3000/users/mastodonpy_test","avatar":"http://localhost:3000/avatars/original/missing.png","avatar_static":"http://localhost:3000/avatars/original/missing.png","header":"http://localhost:3000/headers/original/missing.png","header_static":"http://localhost:3000/headers/original/missing.png","followers_count":0,"following_count":0,"statuses_count":1,"last_status_at":"2025-02-15","hide_collections":null,"noindex":false,"emojis":[],"roles":[],"fields":[]},"media_attachments":[],"mentions":[],"tags":[],"emojis":[],"card":null,"poll":null}],"notification_groups":[{"group_key":"favourite-114009357138722264-483234","notifications_count":2,"type":"favourite","most_recent_notification_id":190,"page_min_id":"190","page_max_id":"190","latest_page_notification_at":"2025-02-15T18:38:52.146Z","sample_account_ids":["114009019470060047","114009019031846737"],"status_id":"114009357138722264"}]}'
    headers:
      Cache-Control:
      - private, no-store
      Content-Length:
      - '2901'
      Content-Security-Policy:
      - default-src 'none'; frame-ancestors 'none'; form-action 'none'
      Content-Type:
      - application/json; charset=utf-8
      ETag:
      - W/"e5e803ebda94a4f2c5aeb551c6ecd9ea"
      Link:
      - <http://localhost:3000/api/v2/notifications?limit=10&max_id=190>; rel="next",
        <http://localhost:3000/api/v2/notifications?limit=10&min_id=190>; rel="prev"
      Referrer-Policy:
      - strict-origin-when-cross-origin
      Server-Timing:
      - cache_read.active_support;dur=0.10, sql.active_record;dur=9.10, cache_generate.active_support;dur=2.97,
        cache_write.active_support;dur=0.15, instantiation.active_record;dur=1.04,
        start_processing.action_controller;dur=0.00, cache_fetch_hit.active_support;dur=0.00,
        render.active_model_serializers;dur=5.52, process_action.action_controller;dur=58.12
      X-Content-Type-Options:
      - nosniff
      X-Frame-Options:
      - SAMEORIGIN
      X-Permitted-Cross-Domain-Policies:
      - none
      X-RateLimit-Limit:
      - '300'
      X-RateLimit-Remaining:
      - '299'
      X-RateLimit-Reset:
      - '2025-02-15T18:40:00.028981Z'
      X-Request-Id:
      - fae9562c-f5be-4da1-af05-181bb7dd30f3
      X-Runtime:
      - '0.073893'
      X-XSS-Protection:
      - '0'
      vary:
      - Authorization, Origin
    status:
      code: 200
      message: OK
- request:
    body: null
    headers:
      Accept:
      - '*/*'
      Accept-Encoding:
      - gzip, deflate
      Authorization:
      - Bearer __MASTODON_PY_TEST_ACCESS_TOKEN
      Connection:
      - keep-alive
      User-Agent:
      - tests/v311
    method: GET
    uri: http://localhost:3000/api/v2/notifications/favourite-114009357138722264-483234
  response:
    body:
      string: '{"accounts":[{"id":"114009019470060047","username":"mastodonpy_test_2","acct":"mastodonpy_test_2","display_name":"","locked":false,"bot":false,"discoverable":true,"indexable":true,"group":false,"created_at":"2025-02-15T00:00:00.000Z","note":"","url":"http://localhost:3000/@mastodonpy_test_2","uri":"http://localhost:3000/users/mastodonpy_test_2","avatar":"http://localhost:3000/avatars/original/missing.png","avatar_static":"http://localhost:3000/avatars/original/missing.png","header":"http://localhost:3000/headers/original/missing.png","header_static":"http://localhost:3000/headers/original/missing.png","followers_count":0,"following_count":0,"statuses_count":0,"last_status_at":"2025-02-15","hide_collections":null,"noindex":false,"emojis":[],"roles":[],"fields":[]},{"id":"114009019031846737","username":"admin","acct":"admin","display_name":"","locked":false,"bot":false,"discoverable":null,"indexable":false,"group":false,"created_at":"2025-02-15T00:00:00.000Z","note":"","url":"http://localhost:3000/@admin","uri":"http://localhost:3000/users/admin","avatar":"http://localhost:3000/avatars/original/missing.png","avatar_static":"http://localhost:3000/avatars/original/missing.png","header":"http://localhost:3000/headers/original/missing.png","header_static":"http://localhost:3000/headers/original/missing.png","followers_count":0,"following_count":0,"statuses_count":5,"last_status_at":"2025-02-15","hide_collections":null,"noindex":false,"emojis":[],"roles":[{"id":"3","name":"Owner","color":""}],"fields":[]}],"statuses":[{"id":"114009357138722264","created_at":"2025-02-15T18:38:51.731Z","in_reply_to_id":null,"in_reply_to_account_id":null,"sensitive":false,"spoiler_text":"","visibility":"public","language":"ja","uri":"http://localhost:3000/users/mastodonpy_test/statuses/114009357138722264","url":"http://localhost:3000/@mastodonpy_test/114009357138722264","replies_count":0,"reblogs_count":0,"favourites_count":2,"edited_at":null,"favourited":false,"reblogged":false,"muted":false,"bookmarked":false,"pinned":false,"content":"\u003cp\u003eTesting
        grouped notifications!\u003c/p\u003e","filtered":[],"reblog":null,"application":{"name":"Mastodon.py
        test suite","website":null},"account":{"id":"114009019326978043","username":"mastodonpy_test","acct":"mastodonpy_test","display_name":"","locked":true,"bot":false,"discoverable":null,"indexable":false,"group":false,"created_at":"2025-02-15T00:00:00.000Z","note":"","url":"http://localhost:3000/@mastodonpy_test","uri":"http://localhost:3000/users/mastodonpy_test","avatar":"http://localhost:3000/avatars/original/missing.png","avatar_static":"http://localhost:3000/avatars/original/missing.png","header":"http://localhost:3000/headers/original/missing.png","header_static":"http://localhost:3000/headers/original/missing.png","followers_count":0,"following_count":0,"statuses_count":1,"last_status_at":"2025-02-15","hide_collections":null,"noindex":false,"emojis":[],"roles":[],"fields":[]},"media_attachments":[],"mentions":[],"tags":[],"emojis":[],"card":null,"poll":null}],"notification_groups":[{"group_key":"favourite-114009357138722264-483234","notifications_count":2,"type":"favourite","most_recent_notification_id":190,"sample_account_ids":["114009019470060047","114009019031846737"],"status_id":"114009357138722264"}]}'
    headers:
      Cache-Control:
      - private, no-store
      Content-Length:
      - '3295'
      Content-Security-Policy:
      - default-src 'none'; frame-ancestors 'none'; form-action 'none'
      Content-Type:
      - application/json; charset=utf-8
      ETag:
      - W/"b4015be5d4c161ff654954b9a12091f7"
      Referrer-Policy:
      - strict-origin-when-cross-origin
      Server-Timing:
      - cache_read.active_support;dur=0.15, sql.active_record;dur=4.10, cache_generate.active_support;dur=2.80,
        cache_write.active_support;dur=0.13, instantiation.active_record;dur=1.19,
        start_processing.action_controller;dur=0.00, cache_fetch_hit.active_support;dur=0.01,
        render.active_model_serializers;dur=27.82, process_action.action_controller;dur=49.35
      X-Content-Type-Options:
      - nosniff
      X-Frame-Options:
      - SAMEORIGIN
      X-Permitted-Cross-Domain-Policies:
      - none
      X-RateLimit-Limit:
      - '300'
      X-RateLimit-Remaining:
      - '299'
      X-RateLimit-Reset:
      - '2025-02-15T18:40:00.158661Z'
      X-Request-Id:
      - a0c00eab-c12d-4e1e-a03e-0c10eeab8de2
      X-Runtime:
      - '0.063807'
      X-XSS-Protection:
      - '0'
      vary:
      - Authorization, Origin
    status:
      code: 200
      message: OK
- request:
    body: null
    headers:
      Accept:
      - '*/*'
      Accept-Encoding:
      - gzip, deflate
      Authorization:
      - Bearer __MASTODON_PY_TEST_ACCESS_TOKEN
      Connection:
      - keep-alive
      User-Agent:
      - tests/v311
    method: GET
    uri: http://localhost:3000/api/v2/notifications/favourite-114009357138722264-483234/accounts
  response:
    body:
      string: '[{"id":"114009019470060047","username":"mastodonpy_test_2","acct":"mastodonpy_test_2","display_name":"","locked":false,"bot":false,"discoverable":true,"indexable":true,"group":false,"created_at":"2025-02-15T00:00:00.000Z","note":"","url":"http://localhost:3000/@mastodonpy_test_2","uri":"http://localhost:3000/users/mastodonpy_test_2","avatar":"http://localhost:3000/avatars/original/missing.png","avatar_static":"http://localhost:3000/avatars/original/missing.png","header":"http://localhost:3000/headers/original/missing.png","header_static":"http://localhost:3000/headers/original/missing.png","followers_count":0,"following_count":0,"statuses_count":0,"last_status_at":"2025-02-15","hide_collections":null,"noindex":false,"emojis":[],"roles":[],"fields":[]},{"id":"114009019031846737","username":"admin","acct":"admin","display_name":"","locked":false,"bot":false,"discoverable":null,"indexable":false,"group":false,"created_at":"2025-02-15T00:00:00.000Z","note":"","url":"http://localhost:3000/@admin","uri":"http://localhost:3000/users/admin","avatar":"http://localhost:3000/avatars/original/missing.png","avatar_static":"http://localhost:3000/avatars/original/missing.png","header":"http://localhost:3000/headers/original/missing.png","header_static":"http://localhost:3000/headers/original/missing.png","followers_count":0,"following_count":0,"statuses_count":5,"last_status_at":"2025-02-15","hide_collections":null,"noindex":false,"emojis":[],"roles":[{"id":"3","name":"Owner","color":""}],"fields":[]}]'
    headers:
      Cache-Control:
      - private, no-store
      Content-Length:
      - '1512'
      Content-Security-Policy:
      - default-src 'none'; frame-ancestors 'none'; form-action 'none'
      Content-Type:
      - application/json; charset=utf-8
      ETag:
      - W/"fb8e14dd97709a52f5a45c9d4e447a24"
      Link:
      - <http://localhost:3000/api/v2/notifications/favourite-114009357138722264-483234/accounts?min_id=190>;
        rel="prev"
      Referrer-Policy:
      - strict-origin-when-cross-origin
      Server-Timing:
      - cache_read.active_support;dur=0.08, sql.active_record;dur=1.64, cache_generate.active_support;dur=1.47,
        cache_write.active_support;dur=0.11, instantiation.active_record;dur=0.60,
        start_processing.action_controller;dur=0.01, cache_fetch_hit.active_support;dur=0.00,
        render.active_model_serializers;dur=3.89, process_action.action_controller;dur=27.45
      X-Content-Type-Options:
      - nosniff
      X-Frame-Options:
      - SAMEORIGIN
      X-Permitted-Cross-Domain-Policies:
      - none
      X-RateLimit-Limit:
      - '300'
      X-RateLimit-Remaining:
      - '299'
      X-RateLimit-Reset:
      - '2025-02-15T18:40:00.295492Z'
      X-Request-Id:
      - 0e34fa26-6d71-4c7d-aeec-8eee17c493fb
      X-Runtime:
      - '0.056571'
      X-XSS-Protection:
      - '0'
      vary:
      - Authorization, Origin
    status:
      code: 200
      message: OK
- request:
    body: null
    headers:
      Accept:
      - '*/*'
      Accept-Encoding:
      - gzip, deflate
      Authorization:
      - Bearer __MASTODON_PY_TEST_ACCESS_TOKEN
      Connection:
      - keep-alive
      Content-Length:
      - '0'
      User-Agent:
      - tests/v311
    method: POST
    uri: http://localhost:3000/api/v2/notifications/favourite-114009357138722264-483234/dismiss
  response:
    body:
      string: '{}'
    headers:
      Cache-Control:
      - private, no-store
      Content-Length:
      - '2'
      Content-Security-Policy:
      - default-src 'none'; frame-ancestors 'none'; form-action 'none'
      Content-Type:
      - application/json; charset=utf-8
      ETag:
      - W/"44136fa355b3678a1146ad16f7e8649e"
      Referrer-Policy:
      - strict-origin-when-cross-origin
      Server-Timing:
      - cache_read.active_support;dur=0.02, sql.active_record;dur=7.02, cache_generate.active_support;dur=0.95,
        cache_write.active_support;dur=0.08, instantiation.active_record;dur=0.45,
        start_processing.action_controller;dur=0.00, transaction.active_record;dur=7.46,
        render.active_model_serializers;dur=0.03, process_action.action_controller;dur=30.07
      X-Content-Type-Options:
      - nosniff
      X-Frame-Options:
      - SAMEORIGIN
      X-Permitted-Cross-Domain-Policies:
      - none
      X-RateLimit-Limit:
      - '300'
      X-RateLimit-Remaining:
      - '299'
      X-RateLimit-Reset:
      - '2025-02-15T18:40:00.366862Z'
      X-Request-Id:
      - 512683b1-cf01-497d-8e16-e853aae9d9c2
      X-Runtime:
      - '0.044774'
      X-XSS-Protection:
      - '0'
      vary:
      - Authorization, Origin
    status:
      code: 200
      message: OK
- request:
    body: null
    headers:
      Accept:
      - '*/*'
      Accept-Encoding:
      - gzip, deflate
      Authorization:
      - Bearer __MASTODON_PY_TEST_ACCESS_TOKEN
      Connection:
      - keep-alive
      User-Agent:
      - tests/v311
    method: GET
    uri: http://localhost:3000/api/v2/notifications?limit=10&expand_accounts=partial_avatars
  response:
    body:
      string: '{"accounts":[],"partial_accounts":[],"statuses":[],"notification_groups":[]}'
    headers:
      Cache-Control:
      - private, no-store
      Content-Length:
      - '76'
      Content-Security-Policy:
      - default-src 'none'; frame-ancestors 'none'; form-action 'none'
      Content-Type:
      - application/json; charset=utf-8
      ETag:
      - W/"eda10f9499b0acd6b521397b2c54e608"
      Referrer-Policy:
      - strict-origin-when-cross-origin
      Server-Timing:
      - cache_read.active_support;dur=0.04, sql.active_record;dur=1.65, cache_generate.active_support;dur=2.39,
        cache_write.active_support;dur=0.11, instantiation.active_record;dur=0.25,
        start_processing.action_controller;dur=0.00, render.active_model_serializers;dur=0.26,
        process_action.action_controller;dur=22.95
      X-Content-Type-Options:
      - nosniff
      X-Frame-Options:
      - SAMEORIGIN
      X-Permitted-Cross-Domain-Policies:
      - none
      X-RateLimit-Limit:
      - '300'
      X-RateLimit-Remaining:
      - '299'
      X-RateLimit-Reset:
      - '2025-02-15T18:40:00.414885Z'
      X-Request-Id:
      - a16d6183-ac0e-4bb2-bb6d-4415200bb284
      X-Runtime:
      - '0.037428'
      X-XSS-Protection:
      - '0'
      vary:
      - Authorization, Origin
    status:
      code: 200
      message: OK
- request:
    body: null
    headers:
      Accept:
      - '*/*'
      Accept-Encoding:
      - gzip, deflate
      Authorization:
      - Bearer __MASTODON_PY_TEST_ACCESS_TOKEN
      Connection:
      - keep-alive
      Content-Length:
      - '0'
      User-Agent:
      - tests/v311
    method: DELETE
    uri: http://localhost:3000/api/v1/statuses/114009357138722264
  response:
    body:
      string: '{"id":"114009357138722264","created_at":"2025-02-15T18:38:51.731Z","in_reply_to_id":null,"in_reply_to_account_id":null,"sensitive":false,"spoiler_text":"","visibility":"public","language":"ja","uri":"http://localhost:3000/users/mastodonpy_test/statuses/114009357138722264","url":"http://localhost:3000/@mastodonpy_test/114009357138722264","replies_count":0,"reblogs_count":0,"favourites_count":2,"edited_at":null,"favourited":false,"reblogged":false,"muted":false,"bookmarked":false,"pinned":false,"text":"Testing
        grouped notifications!","filtered":[],"reblog":null,"application":{"name":"Mastodon.py
        test suite","website":null},"account":{"id":"114009019326978043","username":"mastodonpy_test","acct":"mastodonpy_test","display_name":"","locked":true,"bot":false,"discoverable":null,"indexable":false,"group":false,"created_at":"2025-02-15T00:00:00.000Z","note":"","url":"http://localhost:3000/@mastodonpy_test","uri":"http://localhost:3000/users/mastodonpy_test","avatar":"http://localhost:3000/avatars/original/missing.png","avatar_static":"http://localhost:3000/avatars/original/missing.png","header":"http://localhost:3000/headers/original/missing.png","header_static":"http://localhost:3000/headers/original/missing.png","followers_count":0,"following_count":0,"statuses_count":0,"last_status_at":"2025-02-15","hide_collections":null,"noindex":false,"emojis":[],"roles":[],"fields":[]},"media_attachments":[],"mentions":[],"tags":[],"emojis":[],"card":null,"poll":null}'
    headers:
      Cache-Control:
      - private, no-store
      Content-Length:
      - '1475'
      Content-Security-Policy:
      - default-src 'none'; frame-ancestors 'none'; form-action 'none'
      Content-Type:
      - application/json; charset=utf-8
      ETag:
      - W/"61fa0386cc5fd7fcd2b5cbd617ebfb55"
      Referrer-Policy:
      - strict-origin-when-cross-origin
      Server-Timing:
      - cache_read.active_support;dur=0.05, sql.active_record;dur=6.22, cache_generate.active_support;dur=2.83,
        cache_write.active_support;dur=0.17, instantiation.active_record;dur=0.75,
        start_processing.action_controller;dur=0.00, transaction.active_record;dur=3.13,
        render.active_model_serializers;dur=13.62, process_action.action_controller;dur=41.39
      X-Content-Type-Options:
      - nosniff
      X-Frame-Options:
      - SAMEORIGIN
      X-Permitted-Cross-Domain-Policies:
      - none
      X-RateLimit-Limit:
      - '30'
      X-RateLimit-Remaining:
      - '29'
      X-RateLimit-Reset:
      - '2025-02-15T19:00:00.460335Z'
      X-Request-Id:
      - d68ff7be-46c4-4ed4-8f9b-14792c89aa98
      X-Runtime:
      - '0.059427'
      X-XSS-Protection:
      - '0'
      vary:
      - Authorization, Origin
    status:
      code: 200
      message: OK
version: 1
