interactions:
- request:
    body: status=Toot%2C+finally%21
    headers:
      Accept:
      - '*/*'
      Accept-Encoding:
      - gzip, deflate
      Authorization:
      - Bearer __MASTODON_PY_TEST_ACCESS_TOKEN_3
      Connection:
      - keep-alive
      Content-Length:
      - '25'
      Content-Type:
      - application/x-www-form-urlencoded
      User-Agent:
      - tests/v311
    method: POST
    uri: http://localhost:3000/api/v1/statuses
  response:
    body:
      string: '{"id":"113998811214648502","created_at":"2025-02-13T21:56:53.706Z","in_reply_to_id":null,"in_reply_to_account_id":null,"sensitive":false,"spoiler_text":"","visibility":"public","language":"ja","uri":"http://localhost:3000/users/mastodonpy_test_2/statuses/113998811214648502","url":"http://localhost:3000/@mastodonpy_test_2/113998811214648502","replies_count":0,"reblogs_count":0,"favourites_count":0,"edited_at":null,"favourited":false,"reblogged":false,"muted":false,"bookmarked":false,"pinned":false,"content":"\u003cp\u003eToot,
        finally!\u003c/p\u003e","filtered":[],"reblog":null,"application":{"name":"Mastodon.py
        test suite","website":null},"account":{"id":"113998801391516277","username":"mastodonpy_test_2","acct":"mastodonpy_test_2","display_name":"","locked":false,"bot":false,"discoverable":true,"indexable":true,"group":false,"created_at":"2025-02-13T00:00:00.000Z","note":"","url":"http://localhost:3000/@mastodonpy_test_2","uri":"http://localhost:3000/users/mastodonpy_test_2","avatar":"http://localhost:3000/avatars/original/missing.png","avatar_static":"http://localhost:3000/avatars/original/missing.png","header":"http://localhost:3000/headers/original/missing.png","header_static":"http://localhost:3000/headers/original/missing.png","followers_count":0,"following_count":0,"statuses_count":32,"last_status_at":"2025-02-13","hide_collections":null,"noindex":false,"emojis":[],"roles":[],"fields":[]},"media_attachments":[],"mentions":[],"tags":[],"emojis":[],"card":null,"poll":null}'
    headers:
      Cache-Control:
      - private, no-store
      Content-Length:
      - '1502'
      Content-Security-Policy:
      - default-src 'none'; frame-ancestors 'none'; form-action 'none'
      Content-Type:
      - application/json; charset=utf-8
      ETag:
      - W/"54b30af9066a4be131da7c9b0b56cf43"
      Referrer-Policy:
      - strict-origin-when-cross-origin
      Server-Timing:
      - cache_read.active_support;dur=0.05, sql.active_record;dur=10.54, cache_generate.active_support;dur=2.96,
        cache_write.active_support;dur=0.17, instantiation.active_record;dur=0.49,
        start_processing.action_controller;dur=0.00, transaction.active_record;dur=9.70,
        render.active_model_serializers;dur=11.00, process_action.action_controller;dur=52.10
      X-Content-Type-Options:
      - nosniff
      X-Frame-Options:
      - SAMEORIGIN
      X-Permitted-Cross-Domain-Policies:
      - none
      X-RateLimit-Limit:
      - '300'
      X-RateLimit-Remaining:
      - '265'
      X-RateLimit-Reset:
      - '2025-02-14T00:00:00.729683Z'
      X-Request-Id:
      - 64428fda-89c5-4d76-bfb6-4a75be3d4e85
      X-Runtime:
      - '0.070540'
      X-XSS-Protection:
      - '0'
      vary:
      - Authorization, Origin
    status:
      code: 200
      message: OK
- request:
    body: null
    headers:
      Accept:
      - '*/*'
      Accept-Encoding:
      - gzip, deflate
      Authorization:
      - Bearer __MASTODON_PY_TEST_ACCESS_TOKEN_2
      Connection:
      - keep-alive
      User-Agent:
      - tests/v311
    method: GET
    uri: http://localhost:3000/api/v1/accounts/verify_credentials
  response:
    body:
      string: '{"id":"113998800956287197","username":"admin","acct":"admin","display_name":"","locked":false,"bot":false,"discoverable":null,"indexable":false,"group":false,"created_at":"2025-02-13T00:00:00.000Z","note":"","url":"http://localhost:3000/@admin","uri":"http://localhost:3000/users/admin","avatar":"http://localhost:3000/avatars/original/missing.png","avatar_static":"http://localhost:3000/avatars/original/missing.png","header":"http://localhost:3000/headers/original/missing.png","header_static":"http://localhost:3000/headers/original/missing.png","followers_count":0,"following_count":0,"statuses_count":2,"last_status_at":"2025-02-13","hide_collections":null,"noindex":false,"source":{"privacy":"public","sensitive":false,"language":null,"note":"","fields":[],"follow_requests_count":0,"hide_collections":null,"discoverable":null,"indexable":false},"emojis":[],"roles":[{"id":"3","name":"Owner","color":""}],"fields":[],"role":{"id":"3","name":"Owner","permissions":"1048575","color":"","highlighted":true}}'
    headers:
      Cache-Control:
      - private, no-store
      Content-Length:
      - '1010'
      Content-Security-Policy:
      - default-src 'none'; frame-ancestors 'none'; form-action 'none'
      Content-Type:
      - application/json; charset=utf-8
      ETag:
      - W/"7b4dab36b755c36ca3bc1d709cdba317"
      Referrer-Policy:
      - strict-origin-when-cross-origin
      Server-Timing:
      - cache_read.active_support;dur=0.04, sql.active_record;dur=1.13, cache_generate.active_support;dur=1.55,
        cache_write.active_support;dur=0.10, instantiation.active_record;dur=0.34,
        start_processing.action_controller;dur=0.00, render.active_model_serializers;dur=4.27,
        process_action.action_controller;dur=23.36
      X-Content-Type-Options:
      - nosniff
      X-Frame-Options:
      - SAMEORIGIN
      X-Permitted-Cross-Domain-Policies:
      - none
      X-RateLimit-Limit:
      - '300'
      X-RateLimit-Remaining:
      - '299'
      X-RateLimit-Reset:
      - '2025-02-13T22:00:00.794073Z'
      X-Request-Id:
      - 0ba1532e-de53-4ba1-b3ae-53a0f7a1b896
      X-Runtime:
      - '0.039001'
      X-XSS-Protection:
      - '0'
      vary:
      - Authorization, Origin
    status:
      code: 200
      message: OK
- request:
    body: status=%40mastodonpy_test_2+same%21&in_reply_to_id=113998811214648502&visibility=public&spoiler_text=
    headers:
      Accept:
      - '*/*'
      Accept-Encoding:
      - gzip, deflate
      Authorization:
      - Bearer __MASTODON_PY_TEST_ACCESS_TOKEN_2
      Connection:
      - keep-alive
      Content-Length:
      - '101'
      Content-Type:
      - application/x-www-form-urlencoded
      User-Agent:
      - tests/v311
    method: POST
    uri: http://localhost:3000/api/v1/statuses
  response:
    body:
      string: '{"id":"113998811225353396","created_at":"2025-02-13T21:56:53.864Z","in_reply_to_id":"113998811214648502","in_reply_to_account_id":"113998801391516277","sensitive":false,"spoiler_text":"","visibility":"public","language":"en","uri":"http://localhost:3000/users/admin/statuses/113998811225353396","url":"http://localhost:3000/@admin/113998811225353396","replies_count":0,"reblogs_count":0,"favourites_count":0,"edited_at":null,"favourited":false,"reblogged":false,"muted":false,"bookmarked":false,"pinned":false,"content":"\u003cp\u003e\u003cspan
        class=\"h-card\" translate=\"no\"\u003e\u003ca href=\"http://localhost:3000/@mastodonpy_test_2\"
        class=\"u-url mention\"\u003e@\u003cspan\u003emastodonpy_test_2\u003c/span\u003e\u003c/a\u003e\u003c/span\u003e
        same!\u003c/p\u003e","filtered":[],"reblog":null,"application":{"name":"Mastodon.py
        test suite","website":null},"account":{"id":"113998800956287197","username":"admin","acct":"admin","display_name":"","locked":false,"bot":false,"discoverable":null,"indexable":false,"group":false,"created_at":"2025-02-13T00:00:00.000Z","note":"","url":"http://localhost:3000/@admin","uri":"http://localhost:3000/users/admin","avatar":"http://localhost:3000/avatars/original/missing.png","avatar_static":"http://localhost:3000/avatars/original/missing.png","header":"http://localhost:3000/headers/original/missing.png","header_static":"http://localhost:3000/headers/original/missing.png","followers_count":0,"following_count":0,"statuses_count":3,"last_status_at":"2025-02-13","hide_collections":null,"noindex":false,"emojis":[],"roles":[{"id":"3","name":"Owner","color":""}],"fields":[]},"media_attachments":[],"mentions":[{"id":"113998801391516277","username":"mastodonpy_test_2","url":"http://localhost:3000/@mastodonpy_test_2","acct":"mastodonpy_test_2"}],"tags":[],"emojis":[],"card":null,"poll":null}'
    headers:
      Cache-Control:
      - private, no-store
      Content-Length:
      - '1843'
      Content-Security-Policy:
      - default-src 'none'; frame-ancestors 'none'; form-action 'none'
      Content-Type:
      - application/json; charset=utf-8
      ETag:
      - W/"5507c61c921ea975a0de3df4885b1ab5"
      Referrer-Policy:
      - strict-origin-when-cross-origin
      Server-Timing:
      - cache_read.active_support;dur=0.05, sql.active_record;dur=14.42, cache_generate.active_support;dur=3.03,
        cache_write.active_support;dur=0.15, instantiation.active_record;dur=0.99,
        start_processing.action_controller;dur=0.00, transaction.active_record;dur=12.26,
        render.active_model_serializers;dur=13.24, process_action.action_controller;dur=61.70
      X-Content-Type-Options:
      - nosniff
      X-Frame-Options:
      - SAMEORIGIN
      X-Permitted-Cross-Domain-Policies:
      - none
      X-RateLimit-Limit:
      - '300'
      X-RateLimit-Remaining:
      - '289'
      X-RateLimit-Reset:
      - '2025-02-14T00:00:00.895483Z'
      X-Request-Id:
      - 82568c0a-e9be-4cd6-bbc0-a881e456c522
      X-Runtime:
      - '0.077310'
      X-XSS-Protection:
      - '0'
      vary:
      - Authorization, Origin
    status:
      code: 200
      message: OK
- request:
    body: null
    headers:
      Accept:
      - '*/*'
      Accept-Encoding:
      - gzip, deflate
      Authorization:
      - Bearer __MASTODON_PY_TEST_ACCESS_TOKEN_2
      Connection:
      - keep-alive
      Content-Length:
      - '0'
      User-Agent:
      - tests/v311
    method: DELETE
    uri: http://localhost:3000/api/v1/statuses/113998811225353396
  response:
    body:
      string: '{"id":"113998811225353396","created_at":"2025-02-13T21:56:53.864Z","in_reply_to_id":"113998811214648502","in_reply_to_account_id":"113998801391516277","sensitive":false,"spoiler_text":"","visibility":"public","language":"en","uri":"http://localhost:3000/users/admin/statuses/113998811225353396","url":"http://localhost:3000/@admin/113998811225353396","replies_count":0,"reblogs_count":0,"favourites_count":0,"edited_at":null,"favourited":false,"reblogged":false,"muted":false,"bookmarked":false,"pinned":false,"text":"@mastodonpy_test_2
        same!","filtered":[],"reblog":null,"application":{"name":"Mastodon.py test
        suite","website":null},"account":{"id":"113998800956287197","username":"admin","acct":"admin","display_name":"","locked":false,"bot":false,"discoverable":null,"indexable":false,"group":false,"created_at":"2025-02-13T00:00:00.000Z","note":"","url":"http://localhost:3000/@admin","uri":"http://localhost:3000/users/admin","avatar":"http://localhost:3000/avatars/original/missing.png","avatar_static":"http://localhost:3000/avatars/original/missing.png","header":"http://localhost:3000/headers/original/missing.png","header_static":"http://localhost:3000/headers/original/missing.png","followers_count":0,"following_count":0,"statuses_count":2,"last_status_at":"2025-02-13","hide_collections":null,"noindex":false,"emojis":[],"roles":[{"id":"3","name":"Owner","color":""}],"fields":[]},"media_attachments":[],"mentions":[{"id":"113998801391516277","username":"mastodonpy_test_2","url":"http://localhost:3000/@mastodonpy_test_2","acct":"mastodonpy_test_2"}],"tags":[],"emojis":[],"card":null,"poll":null}'
    headers:
      Cache-Control:
      - private, no-store
      Content-Length:
      - '1612'
      Content-Security-Policy:
      - default-src 'none'; frame-ancestors 'none'; form-action 'none'
      Content-Type:
      - application/json; charset=utf-8
      ETag:
      - W/"a84d514553f378e972f538ffd98a99f8"
      Referrer-Policy:
      - strict-origin-when-cross-origin
      Server-Timing:
      - cache_read.active_support;dur=0.06, sql.active_record;dur=6.21, cache_generate.active_support;dur=8.95,
        cache_write.active_support;dur=0.14, instantiation.active_record;dur=0.80,
        start_processing.action_controller;dur=0.00, transaction.active_record;dur=3.46,
        render.active_model_serializers;dur=20.69, process_action.action_controller;dur=49.49
      X-Content-Type-Options:
      - nosniff
      X-Frame-Options:
      - SAMEORIGIN
      X-Permitted-Cross-Domain-Policies:
      - none
      X-RateLimit-Limit:
      - '30'
      X-RateLimit-Remaining:
      - '29'
      X-RateLimit-Reset:
      - '2025-02-13T22:00:00.956501Z'
      X-Request-Id:
      - 40a43c5d-eef9-49d9-8479-abeb535053c0
      X-Runtime:
      - '0.063993'
      X-XSS-Protection:
      - '0'
      vary:
      - Authorization, Origin
    status:
      code: 200
      message: OK
- request:
    body: null
    headers:
      Accept:
      - '*/*'
      Accept-Encoding:
      - gzip, deflate
      Authorization:
      - Bearer __MASTODON_PY_TEST_ACCESS_TOKEN_3
      Connection:
      - keep-alive
      Content-Length:
      - '0'
      User-Agent:
      - tests/v311
    method: DELETE
    uri: http://localhost:3000/api/v1/statuses/113998811214648502
  response:
    body:
      string: '{"id":"113998811214648502","created_at":"2025-02-13T21:56:53.706Z","in_reply_to_id":null,"in_reply_to_account_id":null,"sensitive":false,"spoiler_text":"","visibility":"public","language":"ja","uri":"http://localhost:3000/users/mastodonpy_test_2/statuses/113998811214648502","url":"http://localhost:3000/@mastodonpy_test_2/113998811214648502","replies_count":1,"reblogs_count":0,"favourites_count":0,"edited_at":null,"favourited":false,"reblogged":false,"muted":false,"bookmarked":false,"pinned":false,"text":"Toot,
        finally!","filtered":[],"reblog":null,"application":{"name":"Mastodon.py test
        suite","website":null},"account":{"id":"113998801391516277","username":"mastodonpy_test_2","acct":"mastodonpy_test_2","display_name":"","locked":false,"bot":false,"discoverable":true,"indexable":true,"group":false,"created_at":"2025-02-13T00:00:00.000Z","note":"","url":"http://localhost:3000/@mastodonpy_test_2","uri":"http://localhost:3000/users/mastodonpy_test_2","avatar":"http://localhost:3000/avatars/original/missing.png","avatar_static":"http://localhost:3000/avatars/original/missing.png","header":"http://localhost:3000/headers/original/missing.png","header_static":"http://localhost:3000/headers/original/missing.png","followers_count":0,"following_count":0,"statuses_count":31,"last_status_at":"2025-02-13","hide_collections":null,"noindex":false,"emojis":[],"roles":[],"fields":[]},"media_attachments":[],"mentions":[],"tags":[],"emojis":[],"card":null,"poll":null}'
    headers:
      Cache-Control:
      - private, no-store
      Content-Length:
      - '1472'
      Content-Security-Policy:
      - default-src 'none'; frame-ancestors 'none'; form-action 'none'
      Content-Type:
      - application/json; charset=utf-8
      ETag:
      - W/"1c066a9d2e51d44fbb34950cd3b8587a"
      Referrer-Policy:
      - strict-origin-when-cross-origin
      Server-Timing:
      - cache_read.active_support;dur=0.06, sql.active_record;dur=6.79, cache_generate.active_support;dur=3.06,
        cache_write.active_support;dur=0.38, instantiation.active_record;dur=0.80,
        start_processing.action_controller;dur=0.00, transaction.active_record;dur=3.58,
        render.active_model_serializers;dur=20.13, process_action.action_controller;dur=52.33
      X-Content-Type-Options:
      - nosniff
      X-Frame-Options:
      - SAMEORIGIN
      X-Permitted-Cross-Domain-Policies:
      - none
      X-RateLimit-Limit:
      - '30'
      X-RateLimit-Remaining:
      - '29'
      X-RateLimit-Reset:
      - '2025-02-13T22:00:00.052030Z'
      X-Request-Id:
      - 26f5b64a-ab69-4d77-95dc-5360bbd4ea12
      X-Runtime:
      - '0.071779'
      X-XSS-Protection:
      - '0'
      vary:
      - Authorization, Origin
    status:
      code: 200
      message: OK
version: 1
