interactions:
- request:
    body: username=mastodonpy_test_2%40localhost&password=5fc638e0e53eafd9c4145b6bb852667d&redirect_uri=urn%3Aietf%3Awg%3Aoauth%3A2.0%3Aoob&grant_type=password&client_id=__MASTODON_PY_TEST_CLIENT_ID&client_secret=__MASTODON_PY_TEST_CLIENT_SECRET&scope=read+write+follow+push
    headers:
      Accept:
      - '*/*'
      Accept-Encoding:
      - gzip, deflate
      Connection:
      - keep-alive
      Content-Length:
      - '264'
      Content-Type:
      - application/x-www-form-urlencoded
      User-Agent:
      - tests/v311
    method: POST
    uri: http://localhost:3000/oauth/token
  response:
    body:
      string: '{"access_token":"__MASTODON_PY_TEST_ACCESS_TOKEN_3","token_type":"Bearer","scope":"read
        write follow push","created_at":1739490866}'
    headers:
      Cache-Control:
      - no-store
      Content-Length:
      - '131'
      Content-Security-Policy:
      - 'base-uri ''none''; default-src ''none''; frame-ancestors ''none''; font-src
        ''self'' http://localhost:3000; img-src ''self'' data: blob: http://localhost:3000;
        style-src ''self'' http://localhost:3000 ''nonce-IiwEyiWVQsLpMG7OfJSVIw=='';
        media-src ''self'' data: http://localhost:3000; manifest-src ''self'' http://localhost:3000;
        form-action ''self''; child-src ''self'' blob: http://localhost:3000; worker-src
        ''self'' blob: http://localhost:3000; connect-src ''self'' data: blob: http://localhost:3000
        ws://localhost:4000 ws://localhost:3035 http://localhost:3035; script-src
        ''self'' ''unsafe-inline'' ''unsafe-eval'' http://localhost:3000; frame-src
        ''self'' https: http:'
      Content-Type:
      - application/json; charset=utf-8
      ETag:
      - W/"7ef7f54dec9ca183637d680dc92e11db"
      Referrer-Policy:
      - strict-origin-when-cross-origin
      Server-Timing:
      - cache_read.active_support;dur=0.02, sql.active_record;dur=0.87, cache_generate.active_support;dur=0.95,
        cache_write.active_support;dur=0.04, start_processing.action_controller;dur=0.01,
        instantiation.active_record;dur=0.16, render.active_model_serializers;dur=0.04,
        process_action.action_controller;dur=51.21
      X-Content-Type-Options:
      - nosniff
      X-Frame-Options:
      - SAMEORIGIN
      X-Permitted-Cross-Domain-Policies:
      - none
      X-Request-Id:
      - e4b82840-e7f8-4d1e-9af8-a38e6b096eec
      X-Runtime:
      - '0.072068'
      X-XSS-Protection:
      - '0'
      vary:
      - Accept, Origin
    status:
      code: 200
      message: OK
- request:
    body: null
    headers:
      Accept:
      - '*/*'
      Accept-Encoding:
      - gzip, deflate
      Authorization:
      - Bearer __MASTODON_PY_TEST_ACCESS_TOKEN_3
      Connection:
      - keep-alive
      User-Agent:
      - tests/v311
    method: GET
    uri: http://localhost:3000/api/v1/instance/
  response:
    body:
      string: '{"uri":"localhost:3000","title":"Mastodon","short_description":"","description":"","email":"","version":"4.3.0","urls":{"streaming_api":"ws://localhost:4000"},"stats":{"user_count":4,"status_count":1,"domain_count":1},"thumbnail":"http://localhost:3000/packs/media/images/preview-6399aebd96ccf025654e2977454f168f.png","languages":["en"],"registrations":true,"approval_required":false,"invites_enabled":true,"configuration":{"accounts":{"max_featured_tags":10},"statuses":{"max_characters":500,"max_media_attachments":4,"characters_reserved_per_url":23},"media_attachments":{"supported_mime_types":["image/jpeg","image/png","image/gif","image/heic","image/heif","image/webp","image/avif","video/webm","video/mp4","video/quicktime","video/ogg","audio/wave","audio/wav","audio/x-wav","audio/x-pn-wave","audio/vnd.wave","audio/ogg","audio/vorbis","audio/mpeg","audio/mp3","audio/webm","audio/flac","audio/aac","audio/m4a","audio/x-m4a","audio/mp4","audio/3gpp","video/x-ms-asf"],"image_size_limit":16777216,"image_matrix_limit":33177600,"video_size_limit":103809024,"video_frame_rate_limit":120,"video_matrix_limit":8294400},"polls":{"max_options":4,"max_characters_per_option":50,"min_expiration":300,"max_expiration":2629746}},"contact_account":null,"rules":[]}'
    headers:
      Cache-Control:
      - max-age=300, public, stale-while-revalidate=30, stale-if-error=86400
      Content-Length:
      - '1259'
      Content-Security-Policy:
      - default-src 'none'; frame-ancestors 'none'; form-action 'none'
      Content-Type:
      - application/json; charset=utf-8
      Date:
      - Thu, 13 Feb 2025 21:55:14 GMT
      ETag:
      - W/"dcbca3473aa5bea97c52ad6cca33e333"
      Referrer-Policy:
      - strict-origin-when-cross-origin
      Server-Timing:
      - cache_read.active_support;dur=0.16, sql.active_record;dur=3.48, cache_generate.active_support;dur=13.70,
        cache_write.active_support;dur=0.37, instantiation.active_record;dur=5.55,
        start_processing.action_controller;dur=0.01, cache_fetch_hit.active_support;dur=0.00,
        render.active_model_serializers;dur=19.17, process_action.action_controller;dur=39.48
      X-Content-Type-Options:
      - nosniff
      X-Frame-Options:
      - SAMEORIGIN
      X-Permitted-Cross-Domain-Policies:
      - none
      X-RateLimit-Limit:
      - '300'
      X-RateLimit-Remaining:
      - '299'
      X-RateLimit-Reset:
      - '2025-02-13T22:00:00.790532Z'
      X-Request-Id:
      - f54e1ef1-9719-43d3-affd-bbf09545b8e1
      X-Runtime:
      - '0.056381'
      X-XSS-Protection:
      - '0'
      vary:
      - Accept, Origin
    status:
      code: 200
      message: OK
- request:
    body: null
    headers:
      Accept:
      - '*/*'
      Accept-Encoding:
      - gzip, deflate
      Authorization:
      - Bearer __MASTODON_PY_TEST_ACCESS_TOKEN_3
      Connection:
      - keep-alive
      User-Agent:
      - tests/v311
    method: GET
    uri: http://localhost:3000/api/v1/accounts/verify_credentials
  response:
    body:
      string: '{"id":"113998801391516277","username":"mastodonpy_test_2","acct":"mastodonpy_test_2","display_name":"","locked":false,"bot":false,"discoverable":true,"indexable":true,"group":false,"created_at":"2025-02-13T00:00:00.000Z","note":"","url":"http://localhost:3000/@mastodonpy_test_2","uri":"http://localhost:3000/users/mastodonpy_test_2","avatar":"http://localhost:3000/avatars/original/missing.png","avatar_static":"http://localhost:3000/avatars/original/missing.png","header":"http://localhost:3000/headers/original/missing.png","header_static":"http://localhost:3000/headers/original/missing.png","followers_count":0,"following_count":0,"statuses_count":1,"last_status_at":"2025-02-13","hide_collections":null,"noindex":false,"source":{"privacy":"public","sensitive":false,"language":null,"note":"","fields":[],"follow_requests_count":0,"hide_collections":null,"discoverable":true,"indexable":true},"emojis":[],"roles":[],"fields":[],"role":{"id":"-99","name":"","permissions":"65536","color":"","highlighted":false}}'
    headers:
      Cache-Control:
      - private, no-store
      Content-Length:
      - '1016'
      Content-Security-Policy:
      - default-src 'none'; frame-ancestors 'none'; form-action 'none'
      Content-Type:
      - application/json; charset=utf-8
      ETag:
      - W/"fff57288f339632740cf7f7bc97987ab"
      Referrer-Policy:
      - strict-origin-when-cross-origin
      Server-Timing:
      - cache_read.active_support;dur=0.04, sql.active_record;dur=1.16, cache_generate.active_support;dur=1.62,
        cache_write.active_support;dur=0.11, instantiation.active_record;dur=0.34,
        start_processing.action_controller;dur=0.00, render.active_model_serializers;dur=4.25,
        process_action.action_controller;dur=22.79
      X-Content-Type-Options:
      - nosniff
      X-Frame-Options:
      - SAMEORIGIN
      X-Permitted-Cross-Domain-Policies:
      - none
      X-RateLimit-Limit:
      - '300'
      X-RateLimit-Remaining:
      - '299'
      X-RateLimit-Reset:
      - '2025-02-13T22:00:00.854444Z'
      X-Request-Id:
      - 14824c77-44fa-4321-95fe-9dd65a4b1357
      X-Runtime:
      - '0.037582'
      X-XSS-Protection:
      - '0'
      vary:
      - Authorization, Origin
    status:
      code: 200
      message: OK
version: 1
