interactions:
- request:
    body: status=please+ensure+adequate+headroom&scheduled_at=4000-01-01T14%3A33%3A14%2B00%3A00
    headers:
      Accept:
      - '*/*'
      Accept-Encoding:
      - gzip, deflate
      Authorization:
      - Bearer __MASTODON_PY_TEST_ACCESS_TOKEN
      Connection:
      - keep-alive
      Content-Length:
      - '85'
      Content-Type:
      - application/x-www-form-urlencoded
      User-Agent:
      - tests/v311
    method: POST
    uri: http://localhost:3000/api/v1/statuses
  response:
    body:
      string: '{"id":"5","scheduled_at":"4000-01-01T14:33:14.000Z","params":{"text":"please
        ensure adequate headroom","media_ids":null,"sensitive":null,"spoiler_text":null,"visibility":null,"language":null,"scheduled_at":null,"poll":null,"allowed_mentions":null,"idempotency":null,"with_rate_limit":false,"in_reply_to_id":null,"application_id":1234567890123456},"media_attachments":[]}'
    headers:
      Cache-Control:
      - private, no-store
      Content-Length:
      - '370'
      Content-Security-Policy:
      - default-src 'none'; frame-ancestors 'none'; form-action 'none'
      Content-Type:
      - application/json; charset=utf-8
      ETag:
      - W/"3f09ca79147d7cf1794faa33167d5585"
      Referrer-Policy:
      - strict-origin-when-cross-origin
      Server-Timing:
      - cache_read.active_support;dur=0.02, sql.active_record;dur=5.59, cache_generate.active_support;dur=0.98,
        cache_write.active_support;dur=0.08, instantiation.active_record;dur=3.93,
        start_processing.action_controller;dur=0.00, transaction.active_record;dur=5.86,
        render.active_model_serializers;dur=3.25, process_action.action_controller;dur=35.12
      X-Content-Type-Options:
      - nosniff
      X-Frame-Options:
      - SAMEORIGIN
      X-Permitted-Cross-Domain-Policies:
      - none
      X-RateLimit-Limit:
      - '300'
      X-RateLimit-Remaining:
      - '236'
      X-RateLimit-Reset:
      - '2025-02-14T00:00:00.457212Z'
      X-Request-Id:
      - 76f4ce0d-a62a-4a2c-95f5-16601e37869c
      X-Runtime:
      - '0.053141'
      X-XSS-Protection:
      - '0'
      vary:
      - Authorization, Origin
    status:
      code: 200
      message: OK
- request:
    body: scheduled_at=4000-01-01T14%3A23%3A14%2B00%3A00
    headers:
      Accept:
      - '*/*'
      Accept-Encoding:
      - gzip, deflate
      Authorization:
      - Bearer __MASTODON_PY_TEST_ACCESS_TOKEN
      Connection:
      - keep-alive
      Content-Length:
      - '46'
      Content-Type:
      - application/x-www-form-urlencoded
      User-Agent:
      - tests/v311
    method: PUT
    uri: http://localhost:3000/api/v1/scheduled_statuses/5
  response:
    body:
      string: '{"id":"5","scheduled_at":"4000-01-01T14:23:14.000Z","params":{"poll":null,"text":"please
        ensure adequate headroom","language":null,"media_ids":null,"sensitive":null,"visibility":null,"idempotency":null,"scheduled_at":null,"spoiler_text":null,"application_id":1234567890123456,"in_reply_to_id":null,"with_rate_limit":false,"allowed_mentions":null},"media_attachments":[]}'
    headers:
      Cache-Control:
      - private, no-store
      Content-Length:
      - '370'
      Content-Security-Policy:
      - default-src 'none'; frame-ancestors 'none'; form-action 'none'
      Content-Type:
      - application/json; charset=utf-8
      ETag:
      - W/"0abeadd97da94726da0aef8c57dac4fa"
      Referrer-Policy:
      - strict-origin-when-cross-origin
      Server-Timing:
      - cache_read.active_support;dur=0.02, sql.active_record;dur=3.58, cache_generate.active_support;dur=1.19,
        cache_write.active_support;dur=0.09, instantiation.active_record;dur=0.31,
        start_processing.action_controller;dur=0.00, unpermitted_parameters.action_controller;dur=0.00,
        transaction.active_record;dur=3.97, render.active_model_serializers;dur=0.98,
        process_action.action_controller;dur=24.44
      X-Content-Type-Options:
      - nosniff
      X-Frame-Options:
      - SAMEORIGIN
      X-Permitted-Cross-Domain-Policies:
      - none
      X-RateLimit-Limit:
      - '300'
      X-RateLimit-Remaining:
      - '299'
      X-RateLimit-Reset:
      - '2025-02-13T22:10:00.495724Z'
      X-Request-Id:
      - 64fb6c96-d9eb-4031-86e0-defa5d6aeeb7
      X-Runtime:
      - '0.039827'
      X-XSS-Protection:
      - '0'
      vary:
      - Authorization, Origin
    status:
      code: 200
      message: OK
- request:
    body: null
    headers:
      Accept:
      - '*/*'
      Accept-Encoding:
      - gzip, deflate
      Authorization:
      - Bearer __MASTODON_PY_TEST_ACCESS_TOKEN
      Connection:
      - keep-alive
      User-Agent:
      - tests/v311
    method: GET
    uri: http://localhost:3000/api/v1/scheduled_statuses
  response:
    body:
      string: '[{"id":"5","scheduled_at":"4000-01-01T14:23:14.000Z","params":{"poll":null,"text":"please
        ensure adequate headroom","language":null,"media_ids":null,"sensitive":null,"visibility":null,"idempotency":null,"scheduled_at":null,"spoiler_text":null,"application_id":1234567890123456,"in_reply_to_id":null,"with_rate_limit":false,"allowed_mentions":null},"media_attachments":[]}]'
    headers:
      Cache-Control:
      - private, no-store
      Content-Length:
      - '372'
      Content-Security-Policy:
      - default-src 'none'; frame-ancestors 'none'; form-action 'none'
      Content-Type:
      - application/json; charset=utf-8
      ETag:
      - W/"55623a180e05a6e4fa30a21926c853f5"
      Link:
      - <http://localhost:3000/api/v1/scheduled_statuses?min_id=5>; rel="prev"
      Referrer-Policy:
      - strict-origin-when-cross-origin
      Server-Timing:
      - cache_read.active_support;dur=0.02, sql.active_record;dur=0.66, cache_generate.active_support;dur=0.84,
        cache_write.active_support;dur=0.07, instantiation.active_record;dur=0.25,
        start_processing.action_controller;dur=0.00, render.active_model_serializers;dur=0.93,
        process_action.action_controller;dur=24.14
      X-Content-Type-Options:
      - nosniff
      X-Frame-Options:
      - SAMEORIGIN
      X-Permitted-Cross-Domain-Policies:
      - none
      X-RateLimit-Limit:
      - '300'
      X-RateLimit-Remaining:
      - '299'
      X-RateLimit-Reset:
      - '2025-02-13T22:10:00.545942Z'
      X-Request-Id:
      - af45f25a-6f2f-453d-addc-b6a7b9d33e52
      X-Runtime:
      - '0.038313'
      X-XSS-Protection:
      - '0'
      vary:
      - Authorization, Origin
    status:
      code: 200
      message: OK
- request:
    body: null
    headers:
      Accept:
      - '*/*'
      Accept-Encoding:
      - gzip, deflate
      Authorization:
      - Bearer __MASTODON_PY_TEST_ACCESS_TOKEN
      Connection:
      - keep-alive
      User-Agent:
      - tests/v311
    method: GET
    uri: http://localhost:3000/api/v1/scheduled_statuses/5
  response:
    body:
      string: '{"id":"5","scheduled_at":"4000-01-01T14:23:14.000Z","params":{"poll":null,"text":"please
        ensure adequate headroom","language":null,"media_ids":null,"sensitive":null,"visibility":null,"idempotency":null,"scheduled_at":null,"spoiler_text":null,"application_id":1234567890123456,"in_reply_to_id":null,"with_rate_limit":false,"allowed_mentions":null},"media_attachments":[]}'
    headers:
      Cache-Control:
      - private, no-store
      Content-Length:
      - '370'
      Content-Security-Policy:
      - default-src 'none'; frame-ancestors 'none'; form-action 'none'
      Content-Type:
      - application/json; charset=utf-8
      ETag:
      - W/"0abeadd97da94726da0aef8c57dac4fa"
      Referrer-Policy:
      - strict-origin-when-cross-origin
      Server-Timing:
      - cache_read.active_support;dur=0.02, sql.active_record;dur=0.66, cache_generate.active_support;dur=0.95,
        cache_write.active_support;dur=0.09, instantiation.active_record;dur=0.25,
        start_processing.action_controller;dur=0.00, render.active_model_serializers;dur=0.96,
        process_action.action_controller;dur=19.47
      X-Content-Type-Options:
      - nosniff
      X-Frame-Options:
      - SAMEORIGIN
      X-Permitted-Cross-Domain-Policies:
      - none
      X-RateLimit-Limit:
      - '300'
      X-RateLimit-Remaining:
      - '299'
      X-RateLimit-Reset:
      - '2025-02-13T22:10:00.586619Z'
      X-Request-Id:
      - 0d6e1ce6-a6df-4c9c-b3c1-2fd5fda2fc87
      X-Runtime:
      - '0.034366'
      X-XSS-Protection:
      - '0'
      vary:
      - Authorization, Origin
    status:
      code: 200
      message: OK
- request:
    body: null
    headers:
      Accept:
      - '*/*'
      Accept-Encoding:
      - gzip, deflate
      Authorization:
      - Bearer __MASTODON_PY_TEST_ACCESS_TOKEN
      Connection:
      - keep-alive
      Content-Length:
      - '0'
      User-Agent:
      - tests/v311
    method: DELETE
    uri: http://localhost:3000/api/v1/scheduled_statuses/5
  response:
    body:
      string: '{}'
    headers:
      Cache-Control:
      - private, no-store
      Content-Length:
      - '2'
      Content-Security-Policy:
      - default-src 'none'; frame-ancestors 'none'; form-action 'none'
      Content-Type:
      - application/json; charset=utf-8
      ETag:
      - W/"44136fa355b3678a1146ad16f7e8649e"
      Referrer-Policy:
      - strict-origin-when-cross-origin
      Server-Timing:
      - cache_read.active_support;dur=0.01, sql.active_record;dur=3.95, cache_generate.active_support;dur=0.58,
        cache_write.active_support;dur=0.06, instantiation.active_record;dur=0.29,
        start_processing.action_controller;dur=0.00, transaction.active_record;dur=3.71,
        render.active_model_serializers;dur=0.02, process_action.action_controller;dur=23.36
      X-Content-Type-Options:
      - nosniff
      X-Frame-Options:
      - SAMEORIGIN
      X-Permitted-Cross-Domain-Policies:
      - none
      X-RateLimit-Limit:
      - '300'
      X-RateLimit-Remaining:
      - '299'
      X-RateLimit-Reset:
      - '2025-02-13T22:10:00.625880Z'
      X-Request-Id:
      - 94b7c103-c21b-4461-b4a2-7f0afa0c4ee9
      X-Runtime:
      - '0.037128'
      X-XSS-Protection:
      - '0'
      vary:
      - Authorization, Origin
    status:
      code: 200
      message: OK
- request:
    body: null
    headers:
      Accept:
      - '*/*'
      Accept-Encoding:
      - gzip, deflate
      Authorization:
      - Bearer __MASTODON_PY_TEST_ACCESS_TOKEN
      Connection:
      - keep-alive
      User-Agent:
      - tests/v311
    method: GET
    uri: http://localhost:3000/api/v1/scheduled_statuses
  response:
    body:
      string: '[]'
    headers:
      Cache-Control:
      - private, no-store
      Content-Length:
      - '2'
      Content-Security-Policy:
      - default-src 'none'; frame-ancestors 'none'; form-action 'none'
      Content-Type:
      - application/json; charset=utf-8
      ETag:
      - W/"4f53cda18c2baa0c0354bb5f9a3ecbe5"
      Referrer-Policy:
      - strict-origin-when-cross-origin
      Server-Timing:
      - cache_read.active_support;dur=0.02, sql.active_record;dur=0.54, cache_generate.active_support;dur=0.86,
        cache_write.active_support;dur=0.07, instantiation.active_record;dur=0.18,
        start_processing.action_controller;dur=0.01, render.active_model_serializers;dur=0.04,
        process_action.action_controller;dur=18.24
      X-Content-Type-Options:
      - nosniff
      X-Frame-Options:
      - SAMEORIGIN
      X-Permitted-Cross-Domain-Policies:
      - none
      X-RateLimit-Limit:
      - '300'
      X-RateLimit-Remaining:
      - '299'
      X-RateLimit-Reset:
      - '2025-02-13T22:10:00.666652Z'
      X-Request-Id:
      - e0948e49-bacb-4c92-88fa-39bb678358f0
      X-Runtime:
      - '0.032534'
      X-XSS-Protection:
      - '0'
      vary:
      - Authorization, Origin
    status:
      code: 200
      message: OK
- request:
    body: status=please+ensure+adequate+headroom&scheduled_at=2025-02-13T22%3A14%3A55%2B00%3A00
    headers:
      Accept:
      - '*/*'
      Accept-Encoding:
      - gzip, deflate
      Authorization:
      - Bearer __MASTODON_PY_TEST_ACCESS_TOKEN
      Connection:
      - keep-alive
      Content-Length:
      - '85'
      Content-Type:
      - application/x-www-form-urlencoded
      User-Agent:
      - tests/v311
    method: POST
    uri: http://localhost:3000/api/v1/statuses
  response:
    body:
      string: '{"id":"6","scheduled_at":"2025-02-13T22:14:55.000Z","params":{"text":"please
        ensure adequate headroom","media_ids":null,"sensitive":null,"spoiler_text":null,"visibility":null,"language":null,"scheduled_at":null,"poll":null,"allowed_mentions":null,"idempotency":null,"with_rate_limit":false,"in_reply_to_id":null,"application_id":1234567890123456},"media_attachments":[]}'
    headers:
      Cache-Control:
      - private, no-store
      Content-Length:
      - '370'
      Content-Security-Policy:
      - default-src 'none'; frame-ancestors 'none'; form-action 'none'
      Content-Type:
      - application/json; charset=utf-8
      ETag:
      - W/"469615fcffcedf39e62826ed5c44751c"
      Referrer-Policy:
      - strict-origin-when-cross-origin
      Server-Timing:
      - cache_read.active_support;dur=0.01, sql.active_record;dur=4.16, cache_generate.active_support;dur=0.71,
        cache_write.active_support;dur=0.06, instantiation.active_record;dur=0.40,
        start_processing.action_controller;dur=0.00, transaction.active_record;dur=4.88,
        render.active_model_serializers;dur=0.29, process_action.action_controller;dur=27.52
      X-Content-Type-Options:
      - nosniff
      X-Frame-Options:
      - SAMEORIGIN
      X-Permitted-Cross-Domain-Policies:
      - none
      X-RateLimit-Limit:
      - '300'
      X-RateLimit-Remaining:
      - '236'
      X-RateLimit-Reset:
      - '2025-02-14T00:00:00.713184Z'
      X-Request-Id:
      - db1104f6-6243-4cd8-b47b-3cd62c46ace7
      X-Runtime:
      - '0.041614'
      X-XSS-Protection:
      - '0'
      vary:
      - Authorization, Origin
    status:
      code: 200
      message: OK
version: 1
