interactions:
- request:
    body: status=Toot%21
    headers:
      Accept:
      - '*/*'
      Accept-Encoding:
      - gzip, deflate
      Authorization:
      - Bearer __MASTODON_PY_TEST_ACCESS_TOKEN
      Connection:
      - keep-alive
      Content-Length:
      - '14'
      Content-Type:
      - application/x-www-form-urlencoded
      User-Agent:
      - tests/v311
    method: POST
    uri: http://localhost:3000/api/v1/statuses
  response:
    body:
      string: '{"id":"114008596311558624","created_at":"2025-02-15T15:25:22.431Z","in_reply_to_id":null,"in_reply_to_account_id":null,"sensitive":false,"spoiler_text":"","visibility":"private","language":"ja","uri":"http://localhost:3000/users/mastodonpy_test/statuses/114008596311558624","url":"http://localhost:3000/@mastodonpy_test/114008596311558624","replies_count":0,"reblogs_count":0,"favourites_count":0,"edited_at":null,"favourited":false,"reblogged":false,"muted":false,"bookmarked":false,"pinned":false,"content":"\u003cp\u003eToot!\u003c/p\u003e","filtered":[],"reblog":null,"application":{"name":"Mastodon.py
        test suite","website":null},"account":{"id":"113998801242326861","username":"mastodonpy_test","acct":"mastodonpy_test","display_name":"John
        Lennon","locked":true,"bot":false,"discoverable":null,"indexable":false,"group":false,"created_at":"2025-02-13T00:00:00.000Z","note":"\u003cp\u003eI
        walk funny\u003c/p\u003e","url":"http://localhost:3000/@mastodonpy_test","uri":"http://localhost:3000/users/mastodonpy_test","avatar":"http://localhost:3000/avatars/original/missing.png","avatar_static":"http://localhost:3000/avatars/original/missing.png","header":"http://localhost:3000/headers/original/missing.png","header_static":"http://localhost:3000/headers/original/missing.png","followers_count":0,"following_count":1,"statuses_count":9,"last_status_at":"2025-02-15","hide_collections":null,"noindex":false,"emojis":[],"roles":[],"fields":[{"name":"bread","value":"toasty.","verified_at":null},{"name":"lasagna","value":"no!!!","verified_at":null}]},"media_attachments":[],"mentions":[],"tags":[],"emojis":[],"card":null,"poll":null}'
    headers:
      Cache-Control:
      - private, no-store
      Content-Length:
      - '1638'
      Content-Security-Policy:
      - default-src 'none'; frame-ancestors 'none'; form-action 'none'
      Content-Type:
      - application/json; charset=utf-8
      ETag:
      - W/"b7efe40a95ee9fc07d42c7656cbdf8ec"
      Referrer-Policy:
      - strict-origin-when-cross-origin
      Server-Timing:
      - cache_read.active_support;dur=0.08, sql.active_record;dur=19.05, cache_generate.active_support;dur=5.82,
        cache_write.active_support;dur=0.18, instantiation.active_record;dur=1.14,
        start_processing.action_controller;dur=0.00, transaction.active_record;dur=10.37,
        render.active_model_serializers;dur=23.35, process_action.action_controller;dur=79.00
      X-Content-Type-Options:
      - nosniff
      X-Frame-Options:
      - SAMEORIGIN
      X-Permitted-Cross-Domain-Policies:
      - none
      X-RateLimit-Limit:
      - '300'
      X-RateLimit-Remaining:
      - '299'
      X-RateLimit-Reset:
      - '2025-02-15T18:00:00.477175Z'
      X-Request-Id:
      - f44e326a-a840-4685-92b7-008f5552cff8
      X-Runtime:
      - '0.103655'
      X-XSS-Protection:
      - '0'
      vary:
      - Authorization, Origin
    status:
      code: 200
      message: OK
- request:
    body: lang=de
    headers:
      Accept:
      - '*/*'
      Accept-Encoding:
      - gzip, deflate
      Authorization:
      - Bearer __MASTODON_PY_TEST_ACCESS_TOKEN
      Connection:
      - keep-alive
      Content-Length:
      - '7'
      Content-Type:
      - application/x-www-form-urlencoded
      User-Agent:
      - tests/v311
    method: POST
    uri: http://localhost:3000/api/v1/statuses/114008596311558624/translate
  response:
    body:
      string: '{"error":"This action is not allowed"}'
    headers:
      Cache-Control:
      - private, no-store
      Content-Length:
      - '38'
      Content-Security-Policy:
      - default-src 'none'; frame-ancestors 'none'; form-action 'none'
      Content-Type:
      - application/json; charset=utf-8
      Referrer-Policy:
      - strict-origin-when-cross-origin
      Server-Timing:
      - cache_read.active_support;dur=0.02, sql.active_record;dur=1.74, cache_generate.active_support;dur=1.03,
        cache_write.active_support;dur=0.08, instantiation.active_record;dur=0.58,
        start_processing.action_controller;dur=0.01, render.active_model_serializers;dur=0.05,
        process_action.action_controller;dur=45.87
      X-Content-Type-Options:
      - nosniff
      X-Frame-Options:
      - SAMEORIGIN
      X-Permitted-Cross-Domain-Policies:
      - none
      X-RateLimit-Limit:
      - '300'
      X-RateLimit-Remaining:
      - '299'
      X-RateLimit-Reset:
      - '2025-02-15T15:30:00.565674Z'
      X-Request-Id:
      - 3e421f8f-e7eb-4e1c-9d60-6d5d726ab2c1
      X-Runtime:
      - '0.081421'
      X-XSS-Protection:
      - '0'
      vary:
      - Authorization, Origin
    status:
      code: 403
      message: Forbidden
- request:
    body: null
    headers:
      Accept:
      - '*/*'
      Accept-Encoding:
      - gzip, deflate
      Authorization:
      - Bearer __MASTODON_PY_TEST_ACCESS_TOKEN
      Connection:
      - keep-alive
      Content-Length:
      - '0'
      User-Agent:
      - tests/v311
    method: DELETE
    uri: http://localhost:3000/api/v1/statuses/114008596311558624
  response:
    body:
      string: '{"id":"114008596311558624","created_at":"2025-02-15T15:25:22.431Z","in_reply_to_id":null,"in_reply_to_account_id":null,"sensitive":false,"spoiler_text":"","visibility":"private","language":"ja","uri":"http://localhost:3000/users/mastodonpy_test/statuses/114008596311558624","url":"http://localhost:3000/@mastodonpy_test/114008596311558624","replies_count":0,"reblogs_count":0,"favourites_count":0,"edited_at":null,"favourited":false,"reblogged":false,"muted":false,"bookmarked":false,"pinned":false,"text":"Toot!","filtered":[],"reblog":null,"application":{"name":"Mastodon.py
        test suite","website":null},"account":{"id":"113998801242326861","username":"mastodonpy_test","acct":"mastodonpy_test","display_name":"John
        Lennon","locked":true,"bot":false,"discoverable":null,"indexable":false,"group":false,"created_at":"2025-02-13T00:00:00.000Z","note":"\u003cp\u003eI
        walk funny\u003c/p\u003e","url":"http://localhost:3000/@mastodonpy_test","uri":"http://localhost:3000/users/mastodonpy_test","avatar":"http://localhost:3000/avatars/original/missing.png","avatar_static":"http://localhost:3000/avatars/original/missing.png","header":"http://localhost:3000/headers/original/missing.png","header_static":"http://localhost:3000/headers/original/missing.png","followers_count":0,"following_count":1,"statuses_count":8,"last_status_at":"2025-02-15","hide_collections":null,"noindex":false,"emojis":[],"roles":[],"fields":[{"name":"bread","value":"toasty.","verified_at":null},{"name":"lasagna","value":"no!!!","verified_at":null}]},"media_attachments":[],"mentions":[],"tags":[],"emojis":[],"card":null,"poll":null}'
    headers:
      Cache-Control:
      - private, no-store
      Content-Length:
      - '1608'
      Content-Security-Policy:
      - default-src 'none'; frame-ancestors 'none'; form-action 'none'
      Content-Type:
      - application/json; charset=utf-8
      ETag:
      - W/"34838106aadb8da6b97b3fb5ba7dc85e"
      Referrer-Policy:
      - strict-origin-when-cross-origin
      Server-Timing:
      - cache_read.active_support;dur=0.05, sql.active_record;dur=7.63, cache_generate.active_support;dur=3.53,
        cache_write.active_support;dur=0.16, instantiation.active_record;dur=0.61,
        start_processing.action_controller;dur=0.00, transaction.active_record;dur=4.03,
        render.active_model_serializers;dur=27.61, process_action.action_controller;dur=57.26
      X-Content-Type-Options:
      - nosniff
      X-Frame-Options:
      - SAMEORIGIN
      X-Permitted-Cross-Domain-Policies:
      - none
      X-RateLimit-Limit:
      - '30'
      X-RateLimit-Remaining:
      - '29'
      X-RateLimit-Reset:
      - '2025-02-15T15:30:00.683901Z'
      X-Request-Id:
      - a79bf3e1-4091-4332-9c47-45e8766ba9e6
      X-Runtime:
      - '0.072595'
      X-XSS-Protection:
      - '0'
      vary:
      - Authorization, Origin
    status:
      code: 200
      message: OK
version: 1
