interactions:
- request:
    body: status=Toot%21
    headers:
      Accept:
      - '*/*'
      Accept-Encoding:
      - gzip, deflate
      Authorization:
      - Bearer __MASTODON_PY_TEST_ACCESS_TOKEN
      Connection:
      - keep-alive
      Content-Length:
      - '14'
      Content-Type:
      - application/x-www-form-urlencoded
      User-Agent:
      - tests/v311
    method: POST
    uri: http://localhost:3000/api/v1/statuses
  response:
    body:
      string: '{"id":"113998811157175057","created_at":"2025-02-13T21:56:52.824Z","in_reply_to_id":null,"in_reply_to_account_id":null,"sensitive":false,"spoiler_text":"","visibility":"private","language":"ja","uri":"http://localhost:3000/users/mastodonpy_test/statuses/113998811157175057","url":"http://localhost:3000/@mastodonpy_test/113998811157175057","replies_count":0,"reblogs_count":0,"favourites_count":0,"edited_at":null,"favourited":false,"reblogged":false,"muted":false,"bookmarked":false,"pinned":false,"content":"\u003cp\u003eToot!\u003c/p\u003e","filtered":[],"reblog":null,"application":{"name":"Mastodon.py
        test suite","website":null},"account":{"id":"113998801242326861","username":"mastodonpy_test","acct":"mastodonpy_test","display_name":"John
        Lennon","locked":true,"bot":false,"discoverable":null,"indexable":false,"group":false,"created_at":"2025-02-13T00:00:00.000Z","note":"\u003cp\u003eI
        walk funny\u003c/p\u003e","url":"http://localhost:3000/@mastodonpy_test","uri":"http://localhost:3000/users/mastodonpy_test","avatar":"http://localhost:3000/system/accounts/avatars/113/998/801/242/326/861/original/369fe73b2cc12cbe.jpg","avatar_static":"http://localhost:3000/system/accounts/avatars/113/998/801/242/326/861/original/369fe73b2cc12cbe.jpg","header":"http://localhost:3000/system/accounts/headers/113/998/801/242/326/861/original/c49892714f54f7f9.jpg","header_static":"http://localhost:3000/system/accounts/headers/113/998/801/242/326/861/original/c49892714f54f7f9.jpg","followers_count":0,"following_count":0,"statuses_count":2,"last_status_at":"2025-02-13","hide_collections":null,"noindex":false,"emojis":[],"roles":[],"fields":[{"name":"bread","value":"toasty.","verified_at":null},{"name":"lasagna","value":"no!!!","verified_at":null}]},"media_attachments":[],"mentions":[],"tags":[],"emojis":[],"card":null,"poll":null}'
    headers:
      Cache-Control:
      - private, no-store
      Content-Length:
      - '1834'
      Content-Security-Policy:
      - default-src 'none'; frame-ancestors 'none'; form-action 'none'
      Content-Type:
      - application/json; charset=utf-8
      ETag:
      - W/"aacf1639079dac3e7bf577f2dd26a6ae"
      Referrer-Policy:
      - strict-origin-when-cross-origin
      Server-Timing:
      - cache_read.active_support;dur=0.06, sql.active_record;dur=11.43, cache_generate.active_support;dur=3.34,
        cache_write.active_support;dur=0.16, instantiation.active_record;dur=0.57,
        start_processing.action_controller;dur=0.00, transaction.active_record;dur=5.39,
        render.active_model_serializers;dur=13.39, process_action.action_controller;dur=58.49
      X-Content-Type-Options:
      - nosniff
      X-Frame-Options:
      - SAMEORIGIN
      X-Permitted-Cross-Domain-Policies:
      - none
      X-RateLimit-Limit:
      - '300'
      X-RateLimit-Remaining:
      - '265'
      X-RateLimit-Reset:
      - '2025-02-14T00:00:00.857877Z'
      X-Request-Id:
      - 85ccdca2-a75b-4438-83ee-90dd45df10a5
      X-Runtime:
      - '0.074003'
      X-XSS-Protection:
      - '0'
      vary:
      - Authorization, Origin
    status:
      code: 200
      message: OK
- request:
    body: null
    headers:
      Accept:
      - '*/*'
      Accept-Encoding:
      - gzip, deflate
      Authorization:
      - Bearer __MASTODON_PY_TEST_ACCESS_TOKEN
      Connection:
      - keep-alive
      User-Agent:
      - tests/v311
    method: GET
    uri: http://localhost:3000/api/v1/accounts/verify_credentials
  response:
    body:
      string: '{"id":"113998801242326861","username":"mastodonpy_test","acct":"mastodonpy_test","display_name":"John
        Lennon","locked":true,"bot":false,"discoverable":null,"indexable":false,"group":false,"created_at":"2025-02-13T00:00:00.000Z","note":"\u003cp\u003eI
        walk funny\u003c/p\u003e","url":"http://localhost:3000/@mastodonpy_test","uri":"http://localhost:3000/users/mastodonpy_test","avatar":"http://localhost:3000/system/accounts/avatars/113/998/801/242/326/861/original/369fe73b2cc12cbe.jpg","avatar_static":"http://localhost:3000/system/accounts/avatars/113/998/801/242/326/861/original/369fe73b2cc12cbe.jpg","header":"http://localhost:3000/system/accounts/headers/113/998/801/242/326/861/original/c49892714f54f7f9.jpg","header_static":"http://localhost:3000/system/accounts/headers/113/998/801/242/326/861/original/c49892714f54f7f9.jpg","followers_count":0,"following_count":0,"statuses_count":2,"last_status_at":"2025-02-13","hide_collections":null,"noindex":false,"source":{"privacy":"private","sensitive":false,"language":null,"note":"I
        walk funny","fields":[{"name":"bread","value":"toasty.","verified_at":null},{"name":"lasagna","value":"no!!!","verified_at":null}],"follow_requests_count":0,"hide_collections":null,"discoverable":null,"indexable":false},"emojis":[],"roles":[],"fields":[{"name":"bread","value":"toasty.","verified_at":null},{"name":"lasagna","value":"no!!!","verified_at":null}],"role":{"id":"-99","name":"","permissions":"65536","color":"","highlighted":false}}'
    headers:
      Cache-Control:
      - private, no-store
      Content-Length:
      - '1482'
      Content-Security-Policy:
      - default-src 'none'; frame-ancestors 'none'; form-action 'none'
      Content-Type:
      - application/json; charset=utf-8
      ETag:
      - W/"5cf4561ddeda51cb87dc52a8c0e036bb"
      Referrer-Policy:
      - strict-origin-when-cross-origin
      Server-Timing:
      - cache_read.active_support;dur=0.07, sql.active_record;dur=4.47, cache_generate.active_support;dur=2.17,
        cache_write.active_support;dur=0.17, instantiation.active_record;dur=0.55,
        start_processing.action_controller;dur=0.01, render.active_model_serializers;dur=9.29,
        process_action.action_controller;dur=29.40
      X-Content-Type-Options:
      - nosniff
      X-Frame-Options:
      - SAMEORIGIN
      X-Permitted-Cross-Domain-Policies:
      - none
      X-RateLimit-Limit:
      - '300'
      X-RateLimit-Remaining:
      - '299'
      X-RateLimit-Reset:
      - '2025-02-13T22:00:00.935632Z'
      X-Request-Id:
      - 470f5ba2-7bfc-44b4-ba9b-28330ff01c63
      X-Runtime:
      - '0.053533'
      X-XSS-Protection:
      - '0'
      vary:
      - Authorization, Origin
    status:
      code: 200
      message: OK
- request:
    body: account_id=113998801242326861&comment=makes+the+bad+post&status_ids%5B%5D=113998811157175057
    headers:
      Accept:
      - '*/*'
      Accept-Encoding:
      - gzip, deflate
      Authorization:
      - Bearer __MASTODON_PY_TEST_ACCESS_TOKEN
      Connection:
      - keep-alive
      Content-Length:
      - '92'
      Content-Type:
      - application/x-www-form-urlencoded
      User-Agent:
      - tests/v311
    method: POST
    uri: http://localhost:3000/api/v1/reports/
  response:
    body:
      string: '{"id":"2","action_taken":false,"action_taken_at":null,"category":"other","comment":"makes
        the bad post","forwarded":false,"created_at":"2025-02-13T21:56:53.007Z","status_ids":["113998811157175057"],"rule_ids":null,"target_account":{"id":"113998801242326861","username":"mastodonpy_test","acct":"mastodonpy_test","display_name":"John
        Lennon","locked":true,"bot":false,"discoverable":null,"indexable":false,"group":false,"created_at":"2025-02-13T00:00:00.000Z","note":"\u003cp\u003eI
        walk funny\u003c/p\u003e","url":"http://localhost:3000/@mastodonpy_test","uri":"http://localhost:3000/users/mastodonpy_test","avatar":"http://localhost:3000/system/accounts/avatars/113/998/801/242/326/861/original/369fe73b2cc12cbe.jpg","avatar_static":"http://localhost:3000/system/accounts/avatars/113/998/801/242/326/861/original/369fe73b2cc12cbe.jpg","header":"http://localhost:3000/system/accounts/headers/113/998/801/242/326/861/original/c49892714f54f7f9.jpg","header_static":"http://localhost:3000/system/accounts/headers/113/998/801/242/326/861/original/c49892714f54f7f9.jpg","followers_count":0,"following_count":0,"statuses_count":2,"last_status_at":"2025-02-13","hide_collections":null,"noindex":false,"emojis":[],"roles":[],"fields":[{"name":"bread","value":"toasty.","verified_at":null},{"name":"lasagna","value":"no!!!","verified_at":null}]}}'
    headers:
      Cache-Control:
      - private, no-store
      Content-Length:
      - '1337'
      Content-Security-Policy:
      - default-src 'none'; frame-ancestors 'none'; form-action 'none'
      Content-Type:
      - application/json; charset=utf-8
      ETag:
      - W/"485c1cfb51dd5fc07ac44bd742b0bd59"
      Referrer-Policy:
      - strict-origin-when-cross-origin
      Server-Timing:
      - cache_read.active_support;dur=0.04, sql.active_record;dur=5.45, cache_generate.active_support;dur=1.69,
        cache_write.active_support;dur=0.13, instantiation.active_record;dur=1.03,
        start_processing.action_controller;dur=0.00, transaction.active_record;dur=3.18,
        enqueue.active_job;dur=0.53, render.active_model_serializers;dur=4.84, process_action.action_controller;dur=39.49
      X-Content-Type-Options:
      - nosniff
      X-Frame-Options:
      - SAMEORIGIN
      X-Permitted-Cross-Domain-Policies:
      - none
      X-RateLimit-Limit:
      - '300'
      X-RateLimit-Remaining:
      - '299'
      X-RateLimit-Reset:
      - '2025-02-13T22:00:00.000486Z'
      X-Request-Id:
      - a6301d87-1d39-4d59-9366-93e8cfd713ac
      X-Runtime:
      - '0.056137'
      X-XSS-Protection:
      - '0'
      vary:
      - Authorization, Origin
    status:
      code: 200
      message: OK
- request:
    body: null
    headers:
      Accept:
      - '*/*'
      Accept-Encoding:
      - gzip, deflate
      Authorization:
      - Bearer __MASTODON_PY_TEST_ACCESS_TOKEN
      Connection:
      - keep-alive
      Content-Length:
      - '0'
      User-Agent:
      - tests/v311
    method: DELETE
    uri: http://localhost:3000/api/v1/statuses/113998811157175057
  response:
    body:
      string: '{"id":"113998811157175057","created_at":"2025-02-13T21:56:52.824Z","in_reply_to_id":null,"in_reply_to_account_id":null,"sensitive":false,"spoiler_text":"","visibility":"private","language":"ja","uri":"http://localhost:3000/users/mastodonpy_test/statuses/113998811157175057","url":"http://localhost:3000/@mastodonpy_test/113998811157175057","replies_count":0,"reblogs_count":0,"favourites_count":0,"edited_at":null,"favourited":false,"reblogged":false,"muted":false,"bookmarked":false,"pinned":false,"text":"Toot!","filtered":[],"reblog":null,"application":{"name":"Mastodon.py
        test suite","website":null},"account":{"id":"113998801242326861","username":"mastodonpy_test","acct":"mastodonpy_test","display_name":"John
        Lennon","locked":true,"bot":false,"discoverable":null,"indexable":false,"group":false,"created_at":"2025-02-13T00:00:00.000Z","note":"\u003cp\u003eI
        walk funny\u003c/p\u003e","url":"http://localhost:3000/@mastodonpy_test","uri":"http://localhost:3000/users/mastodonpy_test","avatar":"http://localhost:3000/system/accounts/avatars/113/998/801/242/326/861/original/369fe73b2cc12cbe.jpg","avatar_static":"http://localhost:3000/system/accounts/avatars/113/998/801/242/326/861/original/369fe73b2cc12cbe.jpg","header":"http://localhost:3000/system/accounts/headers/113/998/801/242/326/861/original/c49892714f54f7f9.jpg","header_static":"http://localhost:3000/system/accounts/headers/113/998/801/242/326/861/original/c49892714f54f7f9.jpg","followers_count":0,"following_count":0,"statuses_count":1,"last_status_at":"2025-02-13","hide_collections":null,"noindex":false,"emojis":[],"roles":[],"fields":[{"name":"bread","value":"toasty.","verified_at":null},{"name":"lasagna","value":"no!!!","verified_at":null}]},"media_attachments":[],"mentions":[],"tags":[],"emojis":[],"card":null,"poll":null}'
    headers:
      Cache-Control:
      - private, no-store
      Content-Length:
      - '1804'
      Content-Security-Policy:
      - default-src 'none'; frame-ancestors 'none'; form-action 'none'
      Content-Type:
      - application/json; charset=utf-8
      ETag:
      - W/"f1f43f6104ea2b667b76e9582ea7d89c"
      Referrer-Policy:
      - strict-origin-when-cross-origin
      Server-Timing:
      - cache_read.active_support;dur=0.05, sql.active_record;dur=7.66, cache_generate.active_support;dur=4.85,
        cache_write.active_support;dur=0.17, instantiation.active_record;dur=0.92,
        start_processing.action_controller;dur=0.00, transaction.active_record;dur=3.71,
        render.active_model_serializers;dur=28.09, process_action.action_controller;dur=58.69
      X-Content-Type-Options:
      - nosniff
      X-Frame-Options:
      - SAMEORIGIN
      X-Permitted-Cross-Domain-Policies:
      - none
      X-RateLimit-Limit:
      - '30'
      X-RateLimit-Remaining:
      - '29'
      X-RateLimit-Reset:
      - '2025-02-13T22:00:00.076876Z'
      X-Request-Id:
      - f4eff39f-cd5f-45f8-bafc-f5717fd6a23b
      X-Runtime:
      - '0.075552'
      X-XSS-Protection:
      - '0'
      vary:
      - Authorization, Origin
    status:
      code: 200
      message: OK
version: 1
