interactions:
- request:
    body: status=%40mastodonpy_test+hello%21
    headers:
      Accept:
      - '*/*'
      Accept-Encoding:
      - gzip, deflate
      Authorization:
      - Bearer __MASTODON_PY_TEST_ACCESS_TOKEN_2
      Connection:
      - keep-alive
      Content-Length:
      - '34'
      Content-Type:
      - application/x-www-form-urlencoded
      User-Agent:
      - tests/v311
    method: POST
    uri: http://localhost:3000/api/v1/statuses
  response:
    body:
      string: '{"id":"113998809276544851","created_at":"2025-02-13T21:56:24.128Z","in_reply_to_id":null,"in_reply_to_account_id":null,"sensitive":false,"spoiler_text":"","visibility":"public","language":"en","uri":"http://localhost:3000/users/admin/statuses/113998809276544851","url":"http://localhost:3000/@admin/113998809276544851","replies_count":0,"reblogs_count":0,"favourites_count":0,"edited_at":null,"favourited":false,"reblogged":false,"muted":false,"bookmarked":false,"pinned":false,"content":"\u003cp\u003e\u003cspan
        class=\"h-card\" translate=\"no\"\u003e\u003ca href=\"http://localhost:3000/@mastodonpy_test\"
        class=\"u-url mention\"\u003e@\u003cspan\u003emastodonpy_test\u003c/span\u003e\u003c/a\u003e\u003c/span\u003e
        hello!\u003c/p\u003e","filtered":[],"reblog":null,"application":{"name":"Mastodon.py
        test suite","website":null},"account":{"id":"113998800956287197","username":"admin","acct":"admin","display_name":"","locked":false,"bot":false,"discoverable":null,"indexable":false,"group":false,"created_at":"2025-02-13T00:00:00.000Z","note":"","url":"http://localhost:3000/@admin","uri":"http://localhost:3000/users/admin","avatar":"http://localhost:3000/avatars/original/missing.png","avatar_static":"http://localhost:3000/avatars/original/missing.png","header":"http://localhost:3000/headers/original/missing.png","header_static":"http://localhost:3000/headers/original/missing.png","followers_count":0,"following_count":0,"statuses_count":1,"last_status_at":"2025-02-13","hide_collections":null,"noindex":false,"emojis":[],"roles":[{"id":"3","name":"Owner","color":""}],"fields":[]},"media_attachments":[],"mentions":[{"id":"113998801242326861","username":"mastodonpy_test","url":"http://localhost:3000/@mastodonpy_test","acct":"mastodonpy_test"}],"tags":[],"emojis":[],"card":null,"poll":null}'
    headers:
      Cache-Control:
      - private, no-store
      Content-Length:
      - '1802'
      Content-Security-Policy:
      - default-src 'none'; frame-ancestors 'none'; form-action 'none'
      Content-Type:
      - application/json; charset=utf-8
      ETag:
      - W/"27859c5c090fb30777ac8ae7cc8babce"
      Referrer-Policy:
      - strict-origin-when-cross-origin
      Server-Timing:
      - cache_read.active_support;dur=0.06, sql.active_record;dur=11.85, cache_generate.active_support;dur=2.99,
        cache_write.active_support;dur=0.17, instantiation.active_record;dur=1.06,
        start_processing.action_controller;dur=0.00, transaction.active_record;dur=9.77,
        render.active_model_serializers;dur=15.82, process_action.action_controller;dur=63.00
      X-Content-Type-Options:
      - nosniff
      X-Frame-Options:
      - SAMEORIGIN
      X-Permitted-Cross-Domain-Policies:
      - none
      X-RateLimit-Limit:
      - '300'
      X-RateLimit-Remaining:
      - '295'
      X-RateLimit-Reset:
      - '2025-02-14T00:00:00.163170Z'
      X-Request-Id:
      - 32b422aa-0409-4dfd-8793-f4169fc9e1cd
      X-Runtime:
      - '0.078538'
      X-XSS-Protection:
      - '0'
      vary:
      - Authorization, Origin
    status:
      code: 200
      message: OK
- request:
    body: null
    headers:
      Accept:
      - '*/*'
      Accept-Encoding:
      - gzip, deflate
      Authorization:
      - Bearer __MASTODON_PY_TEST_ACCESS_TOKEN
      Connection:
      - keep-alive
      User-Agent:
      - tests/v311
    method: GET
    uri: http://localhost:3000/api/v1/notifications?exclude_types%5B%5D=mention
  response:
    body:
      string: '[]'
    headers:
      Cache-Control:
      - private, no-store
      Content-Length:
      - '2'
      Content-Security-Policy:
      - default-src 'none'; frame-ancestors 'none'; form-action 'none'
      Content-Type:
      - application/json; charset=utf-8
      ETag:
      - W/"4f53cda18c2baa0c0354bb5f9a3ecbe5"
      Referrer-Policy:
      - strict-origin-when-cross-origin
      Server-Timing:
      - cache_read.active_support;dur=0.05, sql.active_record;dur=1.43, cache_generate.active_support;dur=3.07,
        cache_write.active_support;dur=0.14, instantiation.active_record;dur=0.34,
        start_processing.action_controller;dur=0.00, render.active_model_serializers;dur=0.04,
        process_action.action_controller;dur=24.54
      X-Content-Type-Options:
      - nosniff
      X-Frame-Options:
      - SAMEORIGIN
      X-Permitted-Cross-Domain-Policies:
      - none
      X-RateLimit-Limit:
      - '300'
      X-RateLimit-Remaining:
      - '299'
      X-RateLimit-Reset:
      - '2025-02-13T22:00:00.231151Z'
      X-Request-Id:
      - 5be3149e-492d-4771-95c7-c4165d754204
      X-Runtime:
      - '0.040521'
      X-XSS-Protection:
      - '0'
      vary:
      - Authorization, Origin
    status:
      code: 200
      message: OK
- request:
    body: null
    headers:
      Accept:
      - '*/*'
      Accept-Encoding:
      - gzip, deflate
      Authorization:
      - Bearer __MASTODON_PY_TEST_ACCESS_TOKEN_2
      Connection:
      - keep-alive
      Content-Length:
      - '0'
      User-Agent:
      - tests/v311
    method: DELETE
    uri: http://localhost:3000/api/v1/statuses/113998809276544851
  response:
    body:
      string: '{"id":"113998809276544851","created_at":"2025-02-13T21:56:24.128Z","in_reply_to_id":null,"in_reply_to_account_id":null,"sensitive":false,"spoiler_text":"","visibility":"public","language":"en","uri":"http://localhost:3000/users/admin/statuses/113998809276544851","url":"http://localhost:3000/@admin/113998809276544851","replies_count":0,"reblogs_count":0,"favourites_count":0,"edited_at":null,"favourited":false,"reblogged":false,"muted":false,"bookmarked":false,"pinned":false,"text":"@mastodonpy_test
        hello!","filtered":[],"reblog":null,"application":{"name":"Mastodon.py test
        suite","website":null},"account":{"id":"113998800956287197","username":"admin","acct":"admin","display_name":"","locked":false,"bot":false,"discoverable":null,"indexable":false,"group":false,"created_at":"2025-02-13T00:00:00.000Z","note":"","url":"http://localhost:3000/@admin","uri":"http://localhost:3000/users/admin","avatar":"http://localhost:3000/avatars/original/missing.png","avatar_static":"http://localhost:3000/avatars/original/missing.png","header":"http://localhost:3000/headers/original/missing.png","header_static":"http://localhost:3000/headers/original/missing.png","followers_count":0,"following_count":0,"statuses_count":0,"last_status_at":"2025-02-13","hide_collections":null,"noindex":false,"emojis":[],"roles":[{"id":"3","name":"Owner","color":""}],"fields":[]},"media_attachments":[],"mentions":[{"id":"113998801242326861","username":"mastodonpy_test","url":"http://localhost:3000/@mastodonpy_test","acct":"mastodonpy_test"}],"tags":[],"emojis":[],"card":null,"poll":null}'
    headers:
      Cache-Control:
      - private, no-store
      Content-Length:
      - '1573'
      Content-Security-Policy:
      - default-src 'none'; frame-ancestors 'none'; form-action 'none'
      Content-Type:
      - application/json; charset=utf-8
      ETag:
      - W/"26e12a2a00004d5e92b5f59d4040d822"
      Referrer-Policy:
      - strict-origin-when-cross-origin
      Server-Timing:
      - cache_read.active_support;dur=0.06, sql.active_record;dur=6.29, cache_generate.active_support;dur=6.00,
        cache_write.active_support;dur=0.16, instantiation.active_record;dur=0.99,
        start_processing.action_controller;dur=0.00, transaction.active_record;dur=3.55,
        render.active_model_serializers;dur=19.17, process_action.action_controller;dur=47.60
      X-Content-Type-Options:
      - nosniff
      X-Frame-Options:
      - SAMEORIGIN
      X-Permitted-Cross-Domain-Policies:
      - none
      X-RateLimit-Limit:
      - '30'
      X-RateLimit-Remaining:
      - '29'
      X-RateLimit-Reset:
      - '2025-02-13T22:00:00.275687Z'
      X-Request-Id:
      - 3948e081-d99f-40b4-9279-e895539ab5b4
      X-Runtime:
      - '0.062603'
      X-XSS-Protection:
      - '0'
      vary:
      - Authorization, Origin
    status:
      code: 200
      message: OK
version: 1
